Component: ARM Compiler 5.06 update 3 (build 300) Tool: armlink [4d35c9]

==============================================================================

Section Cross References

    main.o(.text) refers to delay.o(.text) for delay_init
    main.o(.text) refers to adc.o(.text) for Adc_Init
    main.o(.text) refers to system_stm32f10x.o(.text) for SystemInit
    main.o(.text) refers to sys.o(.text) for NVIC_Configuration
    main.o(.text) refers to usart.o(.text) for uart_init
    main.o(.text) refers to lcd.o(.text) for LCD_Init
    main.o(.text) refers to oled.o(.text) for OLED_Init
    main.o(.text) refers to dht11.o(.text) for DHT11_Init
    main.o(.text) refers to ffltui.o(.text) for __aeabi_ui2f
    main.o(.text) refers to f2d.o(.text) for __aeabi_f2d
    main.o(.text) refers to dmul.o(.text) for __aeabi_dmul
    main.o(.text) refers to d2f.o(.text) for __aeabi_d2f
    main.o(.text) refers to fadd.o(.text) for __aeabi_fsub
    main.o(.text) refers to fmul.o(.text) for __aeabi_fmul
    main.o(.text) refers to fdiv.o(.text) for __aeabi_fdiv
    main.o(.text) refers to dadd.o(.text) for __aeabi_dsub
    main.o(.text) refers to ddiv.o(.text) for __aeabi_ddiv
    main.o(.text) refers to exp.o(i.exp) for exp
    main.o(.text) refers to cfrcmple.o(.text) for __aeabi_cfrcmple
    system_stm32f10x.o(.text) refers to system_stm32f10x.o(.data) for SystemCoreClock
    lcd.o(.text) refers to delay.o(.text) for delay_us
    lcd.o(.text) refers to lcd.o(.bss) for lcddev
    lcd.o(.text) refers to dfltui.o(.text) for __aeabi_ui2d
    lcd.o(.text) refers to dmul.o(.text) for __aeabi_dmul
    lcd.o(.text) refers to dfixui.o(.text) for __aeabi_d2uiz
    lcd.o(.text) refers to lcd.o(.data) for POINT_COLOR
    lcd.o(.text) refers to stm32f10x_rcc.o(.text) for RCC_APB2PeriphClockCmd
    lcd.o(.text) refers to stm32f10x_gpio.o(.text) for GPIO_PinRemapConfig
    lcd.o(.text) refers to printf5.o(i.__0printf$5) for __2printf
    lcd.o(.text) refers to lcd.o(.constdata) for asc2_1206
    adc.o(.text) refers to stm32f10x_rcc.o(.text) for RCC_APB2PeriphClockCmd
    adc.o(.text) refers to stm32f10x_gpio.o(.text) for GPIO_Init
    adc.o(.text) refers to stm32f10x_adc.o(.text) for ADC_DeInit
    adc.o(.text) refers to delay.o(.text) for delay_ms
    dht11.o(.text) refers to delay.o(.text) for delay_ms
    dht11.o(.text) refers to stm32f10x_rcc.o(.text) for RCC_APB2PeriphClockCmd
    dht11.o(.text) refers to stm32f10x_gpio.o(.text) for GPIO_Init
    oled.o(.text) refers to stm32f10x_gpio.o(.text) for GPIO_SetBits
    oled.o(.text) refers to oled.o(.constdata) for F8X16
    oled.o(.text) refers to stm32f10x_rcc.o(.text) for RCC_APB2PeriphClockCmd
    oled.o(.text) refers to delay.o(.text) for delay_ms
    oled.o(.text) refers to oled.o(.data) for Hzk
    delay.o(.text) refers to misc.o(.text) for SysTick_CLKSourceConfig
    delay.o(.text) refers to system_stm32f10x.o(.data) for SystemCoreClock
    delay.o(.text) refers to delay.o(.data) for fac_us
    sys.o(.text) refers to misc.o(.text) for NVIC_PriorityGroupConfig
    usart.o(.text) refers to stm32f10x_rcc.o(.text) for RCC_APB2PeriphClockCmd
    usart.o(.text) refers to stm32f10x_gpio.o(.text) for GPIO_Init
    usart.o(.text) refers to misc.o(.text) for NVIC_Init
    usart.o(.text) refers to stm32f10x_usart.o(.text) for USART_Init
    usart.o(.text) refers to usart.o(.data) for USART_RX_STA
    usart.o(.text) refers to usart.o(.bss) for USART_RX_BUF
    startup_stm32f10x_hd.o(RESET) refers to startup_stm32f10x_hd.o(STACK) for __initial_sp
    startup_stm32f10x_hd.o(RESET) refers to startup_stm32f10x_hd.o(.text) for Reset_Handler
    startup_stm32f10x_hd.o(RESET) refers to stm32f10x_it.o(.text) for NMI_Handler
    startup_stm32f10x_hd.o(RESET) refers to usart.o(.text) for USART1_IRQHandler
    startup_stm32f10x_hd.o(.text) refers to system_stm32f10x.o(.text) for SystemInit
    startup_stm32f10x_hd.o(.text) refers to entry.o(.ARM.Collect$$$$00000000) for __main
    stm32f10x_gpio.o(.text) refers to stm32f10x_rcc.o(.text) for RCC_APB2PeriphResetCmd
    stm32f10x_rcc.o(.text) refers to stm32f10x_rcc.o(.data) for APBAHBPrescTable
    stm32f10x_usart.o(.text) refers to stm32f10x_rcc.o(.text) for RCC_APB2PeriphResetCmd
    stm32f10x_adc.o(.text) refers to stm32f10x_rcc.o(.text) for RCC_APB2PeriphResetCmd
    exp.o(i.__softfp_exp) refers (Special) to iusefp.o(.text) for __I$use$fp
    exp.o(i.__softfp_exp) refers to exp.o(i.exp) for exp
    exp.o(i.exp) refers (Special) to iusefp.o(.text) for __I$use$fp
    exp.o(i.exp) refers to dunder.o(i.__mathlib_dbl_infnan) for __mathlib_dbl_infnan
    exp.o(i.exp) refers to cdrcmple.o(.text) for __aeabi_cdrcmple
    exp.o(i.exp) refers to errno.o(i.__set_errno) for __set_errno
    exp.o(i.exp) refers to dunder.o(i.__mathlib_dbl_overflow) for __mathlib_dbl_overflow
    exp.o(i.exp) refers to cdcmple.o(.text) for __aeabi_cdcmple
    exp.o(i.exp) refers to dunder.o(i.__mathlib_dbl_underflow) for __mathlib_dbl_underflow
[...]
    exp.o(i.exp) refers to exp.o(.constdata) for .constdata
    exp.o(.constdata) refers (Special) to iusefp.o(.text) for __I$use$fp
    exp_x.o(i.____softfp_exp$lsc) refers (Special) to iusefp.o(.text) for __I$use$fp
    exp_x.o(i.____softfp_exp$lsc) refers to exp_x.o(i.__exp$lsc) for __exp$lsc
    exp_x.o(i.__exp$lsc) refers (Special) to iusefp.o(.text) for __I$use$fp
    exp_x.o(i.__exp$lsc) refers to dunder.o(i.__mathlib_dbl_infnan) for __mathlib_dbl_infnan
    exp_x.o(i.__exp$lsc) refers to cdrcmple.o(.text) for __aeabi_cdrcmple
    exp_x.o(i.__exp$lsc) refers to errno.o(i.__set_errno) for __set_errno
    exp_x.o(i.__exp$lsc) refers to cdcmple.o(.text) for __aeabi_cdcmple
    exp_x.o(i.__exp$lsc) refers to dadd.o(.text) for __aeabi_dsub
    exp_x.o(i.__exp$lsc) refers to dmul.o(.text) for __aeabi_dmul
    exp_x.o(i.__exp$lsc) refers to dfixi.o(.text) for __aeabi_d2iz
    exp_x.o(i.__exp$lsc) refers to dflti.o(.text) for __aeabi_i2d
    exp_x.o(i.__exp$lsc) refers to poly.o(i.__kernel_poly) for __kernel_poly
    exp_x.o(i.__exp$lsc) refers to ddiv.o(.text) for __aeabi_ddiv
    exp_x.o(i.__exp$lsc) refers to dscalb.o(.text) for __ARM_scalbn
    exp_x.o(i.__exp$lsc) refers to qnan.o(.constdata) for __mathlib_zero
    exp_x.o(i.__exp$lsc) refers to exp_x.o(.constdata) for .constdata
    exp_x.o(.constdata) refers (Special) to iusefp.o(.text) for __I$use$fp
    entry.o(.ARM.Collect$$$$00000000) refers (Special) to entry10a.o(.ARM.Collect$$$$0000000D) for __rt_final_cpp
    entry.o(.ARM.Collect$$$$00000000) refers (Special) to entry11a.o(.ARM.Collect$$$$0000000F) for __rt_final_exit
    entry.o(.ARM.Collect$$$$00000000) refers (Special) to entry7b.o(.ARM.Collect$$$$00000008) for _main_clock
    entry.o(.ARM.Collect$$$$00000000) refers (Special) to entry8b.o(.ARM.Collect$$$$0000000A) for _main_cpp_init
    entry.o(.ARM.Collect$$$$00000000) refers (Special) to entry9a.o(.ARM.Collect$$$$0000000B) for _main_init
    entry.o(.ARM.Collect$$$$00000000) refers (Special) to entry5.o(.ARM.Collect$$$$00000004) for _main_scatterload
    entry.o(.ARM.Collect$$$$00000000) refers (Special) to entry2.o(.ARM.Collect$$$$00000001) for _main_stk
    printfb.o(i.__0fprintf$bare) refers to printfb.o(i._printf_core) for _printf_core
    printfb.o(i.__0fprintf$bare) refers to usart.o(.text) for fputc
    printfb.o(i.__0printf$bare) refers to printfb.o(i._printf_core) for _printf_core
    printfb.o(i.__0printf$bare) refers to usart.o(.text) for fputc
    printfb.o(i.__0printf$bare) refers to usart.o(.data) for __stdout
    printfb.o(i.__0snprintf$bare) refers to printfb.o(i._printf_core) for _printf_core
    printfb.o(i.__0snprintf$bare) refers to printfb.o(i._snputc) for _snputc
    printfb.o(i.__0sprintf$bare) refers to printfb.o(i._printf_core) for _printf_core
    printfb.o(i.__0sprintf$bare) refers to printfb.o(i._sputc) for _sputc
    printfb.o(i.__0vfprintf$bare) refers to printfb.o(i._printf_core) for _printf_core
    printfb.o(i.__0vfprintf$bare) refers to usart.o(.text) for fputc
    printfb.o(i.__0vprintf$bare) refers to printfb.o(i._printf_core) for _printf_core
    printfb.o(i.__0vprintf$bare) refers to usart.o(.text) for fputc
    printfb.o(i.__0vprintf$bare) refers to usart.o(.data) for __stdout
    printfb.o(i.__0vsnprintf$bare) refers to printfb.o(i._printf_core) for _printf_core
    printfb.o(i.__0vsnprintf$bare) refers to printfb.o(i._snputc) for _snputc
    printfb.o(i.__0vsprintf$bare) refers to printfb.o(i._printf_core) for _printf_core
    printfb.o(i.__0vsprintf$bare) refers to printfb.o(i._sputc) for _sputc
    printf0.o(i.__0fprintf$0) refers to printf0.o(i._printf_core) for _printf_core
    printf0.o(i.__0fprintf$0) refers to usart.o(.text) for fputc
    printf0.o(i.__0printf$0) refers to printf0.o(i._printf_core) for _printf_core
    printf0.o(i.__0printf$0) refers to usart.o(.text) for fputc
    printf0.o(i.__0printf$0) refers to usart.o(.data) for __stdout
    printf0.o(i.__0snprintf$0) refers to printf0.o(i._printf_core) for _printf_core
    printf0.o(i.__0snprintf$0) refers to printf0.o(i._snputc) for _snputc
    printf0.o(i.__0sprintf$0) refers to printf0.o(i._printf_core) for _printf_core
    printf0.o(i.__0sprintf$0) refers to printf0.o(i._sputc) for _sputc
    printf0.o(i.__0vfprintf$0) refers to printf0.o(i._printf_core) for _printf_core
    printf0.o(i.__0vfprintf$0) refers to usart.o(.text) for fputc
    printf0.o(i.__0vprintf$0) refers to printf0.o(i._printf_core) for _printf_core
    printf0.o(i.__0vprintf$0) refers to usart.o(.text) for fputc
    printf0.o(i.__0vprintf$0) refers to usart.o(.data) for __stdout
    printf0.o(i.__0vsnprintf$0) refers to printf0.o(i._printf_core) for _printf_core
    printf0.o(i.__0vsnprintf$0) refers to printf0.o(i._snputc) for _snputc
    printf0.o(i.__0vsprintf$0) refers to printf0.o(i._printf_core) for _printf_core
    printf0.o(i.__0vsprintf$0) refers to printf0.o(i._sputc) for _sputc
    printf1.o(i.__0fprintf$1) refers to printf1.o(i._printf_core) for _printf_core
    printf1.o(i.__0fprintf$1) refers to usart.o(.text) for fputc
    printf1.o(i.__0printf$1) refers to printf1.o(i._printf_core) for _printf_core
    printf1.o(i.__0printf$1) refers to usart.o(.text) for fputc
    printf1.o(i.__0printf$1) refers to usart.o(.data) for __stdout
    printf1.o(i.__0snprintf$1) refers to printf1.o(i._printf_core) for _printf_core
    printf1.o(i.__0snprintf$1) refers to printf1.o(i._snputc) for _snputc
    printf1.o(i.__0sprintf$1) refers to printf1.o(i._printf_core) for _printf_core
    printf1.o(i.__0sprintf$1) refers to printf1.o(i._sputc) for _sputc
    printf1.o(i.__0vfprintf$1) refers to printf1.o(i._printf_core) for _printf_core
    printf1.o(i.__0vfprintf$1) refers to usart.o(.text) for fputc
    printf1.o(i.__0vprintf$1) refers to printf1.o(i._printf_core) for _printf_core
    printf1.o(i.__0vprintf$1) refers to usart.o(.text) for fputc
    printf1.o(i.__0vprintf$1) refers to usart.o(.data) for __stdout
    printf1.o(i.__0vsnprintf$1) refers to printf1.o(i._printf_core) for _printf_core
    printf1.o(i.__0vsnprintf$1) refers to printf1.o(i._snputc) for _snputc
    printf1.o(i.__0vsprintf$1) refers to printf1.o(i._printf_core) for _printf_core
    printf1.o(i.__0vsprintf$1) refers to printf1.o(i._sputc) for _sputc
    printf1.o(i._printf_core) refers to uidiv.o(.text) for __aeabi_uidivmod
    printf2.o(i.__0fprintf$2) refers to printf2.o(i._printf_core) for _printf_core
    printf2.o(i.__0fprintf$2) refers to usart.o(.text) for fputc
    printf2.o(i.__0printf$2) refers to printf2.o(i._printf_core) for _printf_core
    printf2.o(i.__0printf$2) refers to usart.o(.text) for fputc
    printf2.o(i.__0printf$2) refers to usart.o(.data) for __stdout
    printf2.o(i.__0snprintf$2) refers to printf2.o(i._printf_core) for _printf_core
    printf2.o(i.__0snprintf$2) refers to printf2.o(i._snputc) for _snputc
    printf2.o(i.__0sprintf$2) refers to printf2.o(i._printf_core) for _printf_core
    printf2.o(i.__0sprintf$2) refers to printf2.o(i._sputc) for _sputc
    printf2.o(i.__0vfprintf$2) refers to printf2.o(i._printf_core) for _printf_core
    printf2.o(i.__0vfprintf$2) refers to usart.o(.text) for fputc
    printf2.o(i.__0vprintf$2) refers to printf2.o(i._printf_core) for _printf_core
    printf2.o(i.__0vprintf$2) refers to usart.o(.text) for fputc
    printf2.o(i.__0vprintf$2) refers to usart.o(.data) for __stdout
    printf2.o(i.__0vsnprintf$2) refers to printf2.o(i._printf_core) for _printf_core
    printf2.o(i.__0vsnprintf$2) refers to printf2.o(i._snputc) for _snputc
    printf2.o(i.__0vsprintf$2) refers to printf2.o(i._printf_core) for _printf_core
    printf2.o(i.__0vsprintf$2) refers to printf2.o(i._sputc) for _sputc
    printf3.o(i.__0fprintf$3) refers to printf3.o(i._printf_core) for _printf_core
    printf3.o(i.__0fprintf$3) refers to usart.o(.text) for fputc
    printf3.o(i.__0printf$3) refers to printf3.o(i._printf_core) for _printf_core
    printf3.o(i.__0printf$3) refers to usart.o(.text) for fputc
    printf3.o(i.__0printf$3) refers to usart.o(.data) for __stdout
    printf3.o(i.__0snprintf$3) refers to printf3.o(i._printf_core) for _printf_core
    printf3.o(i.__0snprintf$3) refers to printf3.o(i._snputc) for _snputc
    printf3.o(i.__0sprintf$3) refers to printf3.o(i._printf_core) for _printf_core
    printf3.o(i.__0sprintf$3) refers to printf3.o(i._sputc) for _sputc
    printf3.o(i.__0vfprintf$3) refers to printf3.o(i._printf_core) for _printf_core
    printf3.o(i.__0vfprintf$3) refers to usart.o(.text) for fputc
    printf3.o(i.__0vprintf$3) refers to printf3.o(i._printf_core) for _printf_core
    printf3.o(i.__0vprintf$3) refers to usart.o(.text) for fputc
    printf3.o(i.__0vprintf$3) refers to usart.o(.data) for __stdout
    printf3.o(i.__0vsnprintf$3) refers to printf3.o(i._printf_core) for _printf_core
    printf3.o(i.__0vsnprintf$3) refers to printf3.o(i._snputc) for _snputc
    printf3.o(i.__0vsprintf$3) refers to printf3.o(i._printf_core) for _printf_core
    printf3.o(i.__0vsprintf$3) refers to printf3.o(i._sputc) for _sputc
    printf3.o(i._printf_core) refers to uidiv.o(.text) for __aeabi_uidivmod
    printf4.o(i.__0fprintf$4) refers to printf4.o(i._printf_core) for _printf_core
    printf4.o(i.__0fprintf$4) refers to usart.o(.text) for fputc
    printf4.o(i.__0printf$4) refers to printf4.o(i._printf_core) for _printf_core
    printf4.o(i.__0printf$4) refers to usart.o(.text) for fputc
    printf4.o(i.__0printf$4) refers to usart.o(.data) for __stdout
    printf4.o(i.__0snprintf$4) refers to printf4.o(i._printf_core) for _printf_core
    printf4.o(i.__0snprintf$4) refers to printf4.o(i._snputc) for _snputc
    printf4.o(i.__0sprintf$4) refers to printf4.o(i._printf_core) for _printf_core
    printf4.o(i.__0sprintf$4) refers to printf4.o(i._sputc) for _sputc
    printf4.o(i.__0vfprintf$4) refers to printf4.o(i._printf_core) for _printf_core
    printf4.o(i.__0vfprintf$4) refers to usart.o(.text) for fputc
    printf4.o(i.__0vprintf$4) refers to printf4.o(i._printf_core) for _printf_core
    printf4.o(i.__0vprintf$4) refers to usart.o(.text) for fputc
    printf4.o(i.__0vprintf$4) refers to usart.o(.data) for __stdout
    printf4.o(i.__0vsnprintf$4) refers to printf4.o(i._printf_core) for _printf_core
    printf4.o(i.__0vsnprintf$4) refers to printf4.o(i._snputc) for _snputc
    printf4.o(i.__0vsprintf$4) refers to printf4.o(i._printf_core) for _printf_core
    printf4.o(i.__0vsprintf$4) refers to printf4.o(i._sputc) for _sputc
    printf4.o(i._printf_core) refers to uldiv.o(.text) for __aeabi_uldivmod
    printf5.o(i.__0fprintf$5) refers to printf5.o(i._printf_core) for _printf_core
    printf5.o(i.__0fprintf$5) refers to usart.o(.text) for fputc
    printf5.o(i.__0printf$5) refers to printf5.o(i._printf_core) for _printf_core
    printf5.o(i.__0printf$5) refers to usart.o(.text) for fputc
    printf5.o(i.__0printf$5) refers to usart.o(.data) for __stdout
    printf5.o(i.__0snprintf$5) refers to printf5.o(i._printf_core) for _printf_core
    printf5.o(i.__0snprintf$5) refers to printf5.o(i._snputc) for _snputc
    printf5.o(i.__0sprintf$5) refers to printf5.o(i._printf_core) for _printf_core
    printf5.o(i.__0sprintf$5) refers to printf5.o(i._sputc) for _sputc
    printf5.o(i.__0vfprintf$5) refers to printf5.o(i._printf_core) for _printf_core
    printf5.o(i.__0vfprintf$5) refers to usart.o(.text) for fputc
    printf5.o(i.__0vprintf$5) refers to printf5.o(i._printf_core) for _printf_core
    printf5.o(i.__0vprintf$5) refers to usart.o(.text) for fputc
    printf5.o(i.__0vprintf$5) refers to usart.o(.data) for __stdout
    printf5.o(i.__0vsnprintf$5) refers to printf5.o(i._printf_core) for _printf_core
    printf5.o(i.__0vsnprintf$5) refers to printf5.o(i._snputc) for _snputc
    printf5.o(i.__0vsprintf$5) refers to printf5.o(i._printf_core) for _printf_core
    printf5.o(i.__0vsprintf$5) refers to printf5.o(i._sputc) for _sputc
    printf5.o(i._printf_core) refers to uldiv.o(.text) for __aeabi_uldivmod
    printf6.o(i.__0fprintf$6) refers to printf6.o(i._printf_core) for _printf_core
    printf6.o(i.__0fprintf$6) refers to usart.o(.text) for fputc
    printf6.o(i.__0printf$6) refers to printf6.o(i._printf_core) for _printf_core
    printf6.o(i.__0printf$6) refers to usart.o(.text) for fputc
    printf6.o(i.__0printf$6) refers to usart.o(.data) for __stdout
    printf6.o(i.__0snprintf$6) refers to printf6.o(i._printf_core) for _printf_core
    printf6.o(i.__0snprintf$6) refers to printf6.o(i._snputc) for _snputc
    printf6.o(i.__0sprintf$6) refers to printf6.o(i._printf_core) for _printf_core
    printf6.o(i.__0sprintf$6) refers to printf6.o(i._sputc) for _sputc
    printf6.o(i.__0vfprintf$6) refers to printf6.o(i._printf_core) for _printf_core
    printf6.o(i.__0vfprintf$6) refers to usart.o(.text) for fputc
    printf6.o(i.__0vprintf$6) refers to printf6.o(i._printf_core) for _printf_core
    printf6.o(i.__0vprintf$6) refers to usart.o(.text) for fputc
    printf6.o(i.__0vprintf$6) refers to usart.o(.data) for __stdout
    printf6.o(i.__0vsnprintf$6) refers to printf6.o(i._printf_core) for _printf_core
    printf6.o(i.__0vsnprintf$6) refers to printf6.o(i._snputc) for _snputc
    printf6.o(i.__0vsprintf$6) refers to printf6.o(i._printf_core) for _printf_core
    printf6.o(i.__0vsprintf$6) refers to printf6.o(i._sputc) for _sputc
    printf6.o(i._printf_core) refers to printf6.o(i._printf_pre_padding) for _printf_pre_padding
    printf6.o(i._printf_core) refers to uidiv.o(.text) for __aeabi_uidivmod
    printf6.o(i._printf_core) refers to printf6.o(i._printf_post_padding) for _printf_post_padding
    printf7.o(i.__0fprintf$7) refers to printf7.o(i._printf_core) for _printf_core
    printf7.o(i.__0fprintf$7) refers to usart.o(.text) for fputc
    printf7.o(i.__0printf$7) refers to printf7.o(i._printf_core) for _printf_core
    printf7.o(i.__0printf$7) refers to usart.o(.text) for fputc
    printf7.o(i.__0printf$7) refers to usart.o(.data) for __stdout
    printf7.o(i.__0snprintf$7) refers to printf7.o(i._printf_core) for _printf_core
    printf7.o(i.__0snprintf$7) refers to printf7.o(i._snputc) for _snputc
    printf7.o(i.__0sprintf$7) refers to printf7.o(i._printf_core) for _printf_core
    printf7.o(i.__0sprintf$7) refers to printf7.o(i._sputc) for _sputc
    printf7.o(i.__0vfprintf$7) refers to printf7.o(i._printf_core) for _printf_core
    printf7.o(i.__0vfprintf$7) refers to usart.o(.text) for fputc
    printf7.o(i.__0vprintf$7) refers to printf7.o(i._printf_core) for _printf_core
    printf7.o(i.__0vprintf$7) refers to usart.o(.text) for fputc
    printf7.o(i.__0vprintf$7) refers to usart.o(.data) for __stdout
    printf7.o(i.__0vsnprintf$7) refers to printf7.o(i._printf_core) for _printf_core
    printf7.o(i.__0vsnprintf$7) refers to printf7.o(i._snputc) for _snputc
    printf7.o(i.__0vsprintf$7) refers to printf7.o(i._printf_core) for _printf_core
    printf7.o(i.__0vsprintf$7) refers to printf7.o(i._sputc) for _sputc
    printf7.o(i._printf_core) refers to printf7.o(i._printf_pre_padding) for _printf_pre_padding
    printf7.o(i._printf_core) refers to uldiv.o(.text) for __aeabi_uldivmod
    printf7.o(i._printf_core) refers to printf7.o(i._printf_post_padding) for _printf_post_padding
    printf8.o(i.__0fprintf$8) refers to printf8.o(i._printf_core) for _printf_core
    printf8.o(i.__0fprintf$8) refers to usart.o(.text) for fputc
    printf8.o(i.__0printf$8) refers to printf8.o(i._printf_core) for _printf_core
    printf8.o(i.__0printf$8) refers to usart.o(.text) for fputc
    printf8.o(i.__0printf$8) refers to usart.o(.data) for __stdout
    printf8.o(i.__0snprintf$8) refers to printf8.o(i._printf_core) for _printf_core
    printf8.o(i.__0snprintf$8) refers to printf8.o(i._snputc) for _snputc
    printf8.o(i.__0sprintf$8) refers to printf8.o(i._printf_core) for _printf_core
    printf8.o(i.__0sprintf$8) refers to printf8.o(i._sputc) for _sputc
    printf8.o(i.__0vfprintf$8) refers to printf8.o(i._printf_core) for _printf_core
    printf8.o(i.__0vfprintf$8) refers to usart.o(.text) for fputc
    printf8.o(i.__0vprintf$8) refers to printf8.o(i._printf_core) for _printf_core
    printf8.o(i.__0vprintf$8) refers to usart.o(.text) for fputc
    printf8.o(i.__0vprintf$8) refers to usart.o(.data) for __stdout
    printf8.o(i.__0vsnprintf$8) refers to printf8.o(i._printf_core) for _printf_core
    printf8.o(i.__0vsnprintf$8) refers to printf8.o(i._snputc) for _snputc
    printf8.o(i.__0vsprintf$8) refers to printf8.o(i._printf_core) for _printf_core
    printf8.o(i.__0vsprintf$8) refers to printf8.o(i._sputc) for _sputc
    printf8.o(i._printf_core) refers to printf8.o(i._printf_pre_padding) for _printf_pre_padding
    printf8.o(i._printf_core) refers to uldiv.o(.text) for __aeabi_uldivmod
    printf8.o(i._printf_core) refers to printf8.o(i._printf_post_padding) for _printf_post_padding
    printfa.o(i.__0fprintf) refers (Special) to iusefp.o(.text) for __I$use$fp
    printfa.o(i.__0fprintf) refers to printfa.o(i._printf_core) for _printf_core
    printfa.o(i.__0fprintf) refers to usart.o(.text) for fputc
    printfa.o(i.__0printf) refers (Special) to iusefp.o(.text) for __I$use$fp
    printfa.o(i.__0printf) refers to printfa.o(i._printf_core) for _printf_core
    printfa.o(i.__0printf) refers to usart.o(.text) for fputc
    printfa.o(i.__0printf) refers to usart.o(.data) for __stdout
    printfa.o(i.__0snprintf) refers (Special) to iusefp.o(.text) for __I$use$fp
    printfa.o(i.__0snprintf) refers to printfa.o(i._printf_core) for _printf_core
    printfa.o(i.__0snprintf) refers to printfa.o(i._snputc) for _snputc
    printfa.o(i.__0sprintf) refers (Special) to iusefp.o(.text) for __I$use$fp
    printfa.o(i.__0sprintf) refers to printfa.o(i._printf_core) for _printf_core
    printfa.o(i.__0sprintf) refers to printfa.o(i._sputc) for _sputc
    printfa.o(i.__0vfprintf) refers (Special) to iusefp.o(.text) for __I$use$fp
    printfa.o(i.__0vfprintf) refers to printfa.o(i._printf_core) for _printf_core
    printfa.o(i.__0vfprintf) refers to usart.o(.text) for fputc
    printfa.o(i.__0vprintf) refers (Special) to iusefp.o(.text) for __I$use$fp
    printfa.o(i.__0vprintf) refers to printfa.o(i._printf_core) for _printf_core
    printfa.o(i.__0vprintf) refers to usart.o(.text) for fputc
    printfa.o(i.__0vprintf) refers to usart.o(.data) for __stdout
    printfa.o(i.__0vsnprintf) refers (Special) to iusefp.o(.text) for __I$use$fp
    printfa.o(i.__0vsnprintf) refers to printfa.o(i._printf_core) for _printf_core
    printfa.o(i.__0vsnprintf) refers to printfa.o(i._snputc) for _snputc
    printfa.o(i.__0vsprintf) refers (Special) to iusefp.o(.text) for __I$use$fp
    printfa.o(i.__0vsprintf) refers to printfa.o(i._printf_core) for _printf_core
    printfa.o(i.__0vsprintf) refers to printfa.o(i._sputc) for _sputc
    printfa.o(i._fp_digits) refers (Special) to iusefp.o(.text) for __I$use$fp
    printfa.o(i._fp_digits) refers to dmul.o(.text) for __aeabi_dmul
    printfa.o(i._fp_digits) refers to ddiv.o(.text) for __aeabi_ddiv
    printfa.o(i._fp_digits) refers to cdrcmple.o(.text) for __aeabi_cdrcmple
    printfa.o(i._fp_digits) refers to dadd.o(.text) for __aeabi_dadd
    printfa.o(i._fp_digits) refers to dfixul.o(.text) for __aeabi_d2ulz
    printfa.o(i._fp_digits) refers to uldiv.o(.text) for __aeabi_uldivmod
    printfa.o(i._printf_core) refers (Special) to iusefp.o(.text) for __I$use$fp
    printfa.o(i._printf_core) refers to printfa.o(i._printf_pre_padding) for _printf_pre_padding
    printfa.o(i._printf_core) refers to uldiv.o(.text) for __aeabi_uldivmod
    printfa.o(i._printf_core) refers to printfa.o(i._printf_post_padding) for _printf_post_padding
    printfa.o(i._printf_core) refers to printfa.o(i._fp_digits) for _fp_digits
    printfa.o(i._printf_core) refers to uidiv.o(.text) for __aeabi_uidivmod
    printfa.o(i._printf_post_padding) refers (Special) to iusefp.o(.text) for __I$use$fp
    printfa.o(i._printf_pre_padding) refers (Special) to iusefp.o(.text) for __I$use$fp
    printfa.o(i._snputc) refers (Special) to iusefp.o(.text) for __I$use$fp
    printfa.o(i._sputc) refers (Special) to iusefp.o(.text) for __I$use$fp
    fadd.o(.text) refers (Special) to iusefp.o(.text) for __I$use$fp
    fadd.o(.text) refers to fepilogue.o(.text) for _float_epilogue
    fmul.o(.text) refers (Special) to iusefp.o(.text) for __I$use$fp
    fdiv.o(.text) refers (Special) to iusefp.o(.text) for __I$use$fp
    fdiv.o(.text) refers to fepilogue.o(.text) for _float_round
    dadd.o(.text) refers (Special) to iusefp.o(.text) for __I$use$fp
    dadd.o(.text) refers to llshl.o(.text) for __aeabi_llsl
    dadd.o(.text) refers to llsshr.o(.text) for __aeabi_lasr
    dadd.o(.text) refers to depilogue.o(.text) for _double_epilogue
    dmul.o(.text) refers (Special) to iusefp.o(.text) for __I$use$fp
    dmul.o(.text) refers to depilogue.o(.text) for _double_epilogue
    ddiv.o(.text) refers (Special) to iusefp.o(.text) for __I$use$fp
    ddiv.o(.text) refers to depilogue.o(.text) for _double_round
    ffltui.o(.text) refers (Special) to iusefp.o(.text) for __I$use$fp
    ffltui.o(.text) refers to fepilogue.o(.text) for _float_epilogue
    dfltui.o(.text) refers (Special) to iusefp.o(.text) for __I$use$fp
    dfltui.o(.text) refers to depilogue.o(.text) for _double_epilogue
    dfixui.o(.text) refers (Special) to iusefp.o(.text) for __I$use$fp
    dfixui.o(.text) refers to llushr.o(.text) for __aeabi_llsr
    f2d.o(.text) refers (Special) to iusefp.o(.text) for __I$use$fp
    d2f.o(.text) refers (Special) to iusefp.o(.text) for __I$use$fp
    d2f.o(.text) refers to fepilogue.o(.text) for _float_round
    cfrcmple.o(.text) refers (Special) to iusefp.o(.text) for __I$use$fp
    dunder.o(i.__mathlib_dbl_divzero) refers to ddiv.o(.text) for __aeabi_ddiv
    dunder.o(i.__mathlib_dbl_infnan) refers to dscalb.o(.text) for __ARM_scalbn
    dunder.o(i.__mathlib_dbl_infnan2) refers to dadd.o(.text) for __aeabi_dadd
    dunder.o(i.__mathlib_dbl_invalid) refers to ddiv.o(.text) for __aeabi_ddiv
    dunder.o(i.__mathlib_dbl_overflow) refers to dscalb.o(.text) for __ARM_scalbn
    dunder.o(i.__mathlib_dbl_posinfnan) refers to dmul.o(.text) for __aeabi_dmul
    dunder.o(i.__mathlib_dbl_underflow) refers to dscalb.o(.text) for __ARM_scalbn
    fpclassify.o(i.__ARM_fpclassify) refers (Special) to iusefp.o(.text) for __I$use$fp
    poly.o(i.__kernel_poly) refers (Special) to iusefp.o(.text) for __I$use$fp
    poly.o(i.__kernel_poly) refers to dmul.o(.text) for __aeabi_dmul
    poly.o(i.__kernel_poly) refers to dadd.o(.text) for __aeabi_dadd
    qnan.o(.constdata) refers (Special) to iusefp.o(.text) for __I$use$fp
    entry2.o(.ARM.Collect$$$$00000001) refers to entry2.o(.ARM.Collect$$$$00002712) for __lit__00000000
    entry2.o(.ARM.Collect$$$$00002712) refers to startup_stm32f10x_hd.o(STACK) for __initial_sp
    entry2.o(__vectab_stack_and_reset_area) refers to startup_stm32f10x_hd.o(STACK) for __initial_sp
    entry2.o(__vectab_stack_and_reset_area) refers to entry.o(.ARM.Collect$$$$00000000) for __main
    entry5.o(.ARM.Collect$$$$00000004) refers to init.o(.text) for __scatterload
    entry9a.o(.ARM.Collect$$$$0000000B) refers to main.o(.text) for main
    entry9b.o(.ARM.Collect$$$$0000000C) refers to main.o(.text) for main
    uldiv.o(.text) refers to llushr.o(.text) for __aeabi_llsr
    uldiv.o(.text) refers to llshl.o(.text) for __aeabi_llsl
    errno.o(i.__aeabi_errno_addr) refers to errno.o(.data) for .data
    errno.o(i.__read_errno) refers to errno.o(.data) for .data
    errno.o(i.__set_errno) refers to errno.o(.data) for .data
    depilogue.o(.text) refers to llshl.o(.text) for __aeabi_llsl
    depilogue.o(.text) refers to llushr.o(.text) for __aeabi_llsr
    dflti.o(.text) refers to depilogue.o(.text) for _double_epilogue
    dfixi.o(.text) refers to llushr.o(.text) for __aeabi_llsr
    dfixul.o(.text) refers to llushr.o(.text) for __aeabi_llsr
    dfixul.o(.text) refers to llshl.o(.text) for __aeabi_llsl
    init.o(.text) refers to entry5.o(.ARM.Collect$$$$00000004) for __main_after_scatterload


==============================================================================

Removing Unused input sections from the image.

    Removing main.o(.data), (1024 bytes).
    Removing core_cm3.o(.emb_text), (32 bytes).
    Removing startup_stm32f10x_hd.o(HEAP), (512 bytes).
    Removing dfixul.o(.text), (48 bytes).

4 unused section(s) (total 1616 bytes) removed from the image.

==============================================================================

Image Symbol Table

    Local Symbols

    Symbol Name                              Value     Ov Type        Size  Object(Section)

    ../clib/../cmprslib/zerorunl2.c          0x00000000   Number         0  __dczerorl2.o ABSOLUTE
    ../clib/microlib/division.c              0x00000000   Number         0  uldiv.o ABSOLUTE
    ../clib/microlib/division.c              0x00000000   Number         0  uidiv.o ABSOLUTE
    ../clib/microlib/errno.c                 0x00000000   Number         0  errno.o ABSOLUTE
    ../clib/microlib/init/entry.s            0x00000000   Number         0  entry9b.o ABSOLUTE
    ../clib/microlib/init/entry.s            0x00000000   Number         0  entry7a.o ABSOLUTE
    ../clib/microlib/init/entry.s            0x00000000   Number         0  entry8a.o ABSOLUTE
    ../clib/microlib/init/entry.s            0x00000000   Number         0  entry.o ABSOLUTE
    ../clib/microlib/init/entry.s            0x00000000   Number         0  entry5.o ABSOLUTE
    ../clib/microlib/init/entry.s            0x00000000   Number         0  entry7b.o ABSOLUTE
    ../clib/microlib/init/entry.s            0x00000000   Number         0  entry10b.o ABSOLUTE
    ../clib/microlib/init/entry.s            0x00000000   Number         0  entry9a.o ABSOLUTE
    ../clib/microlib/init/entry.s            0x00000000   Number         0  entry11b.o ABSOLUTE
    ../clib/microlib/init/entry.s            0x00000000   Number         0  entry10a.o ABSOLUTE
    ../clib/microlib/init/entry.s            0x00000000   Number         0  entry8b.o ABSOLUTE
    ../clib/microlib/init/entry.s            0x00000000   Number         0  entry11a.o ABSOLUTE
    ../clib/microlib/init/entry.s            0x00000000   Number         0  entry2.o ABSOLUTE
    ../clib/microlib/longlong.c              0x00000000   Number         0  llsshr.o ABSOLUTE
    ../clib/microlib/longlong.c              0x00000000   Number         0  llshl.o ABSOLUTE
    ../clib/microlib/longlong.c              0x00000000   Number         0  llushr.o ABSOLUTE
    ../clib/microlib/printf/printf.c         0x00000000   Number         0  printf4.o ABSOLUTE
    ../clib/microlib/printf/printf.c         0x00000000   Number         0  printf3.o ABSOLUTE
    ../clib/microlib/printf/printf.c         0x00000000   Number         0  printf1.o ABSOLUTE
    ../clib/microlib/printf/printf.c         0x00000000   Number         0  printf0.o ABSOLUTE
    ../clib/microlib/printf/printf.c         0x00000000   Number         0  printfb.o ABSOLUTE
    ../clib/microlib/printf/printf.c         0x00000000   Number         0  printfa.o ABSOLUTE
    ../clib/microlib/printf/printf.c         0x00000000   Number         0  printf8.o ABSOLUTE
    ../clib/microlib/printf/printf.c         0x00000000   Number         0  printf2.o ABSOLUTE
    ../clib/microlib/printf/printf.c         0x00000000   Number         0  printf7.o ABSOLUTE
    ../clib/microlib/printf/printf.c         0x00000000   Number         0  printf6.o ABSOLUTE
    ../clib/microlib/printf/printf.c         0x00000000   Number         0  printf5.o ABSOLUTE
    ../clib/microlib/printf/stubs.s          0x00000000   Number         0  stubs.o ABSOLUTE
    ../clib/microlib/stubs.s                 0x00000000   Number         0  iusefp.o ABSOLUTE
    ../clib/microlib/stubs.s                 0x00000000   Number         0  useno.o ABSOLUTE
    ../fplib/microlib/d2f.c                  0x00000000   Number         0  d2f.o ABSOLUTE
    ../fplib/microlib/f2d.c                  0x00000000   Number         0  f2d.o ABSOLUTE
    ../fplib/microlib/fpadd.c                0x00000000   Number         0  fadd.o ABSOLUTE
    ../fplib/microlib/fpadd.c                0x00000000   Number         0  dadd.o ABSOLUTE
    ../fplib/microlib/fpdiv.c                0x00000000   Number         0  fdiv.o ABSOLUTE
    ../fplib/microlib/fpdiv.c                0x00000000   Number         0  ddiv.o ABSOLUTE
    ../fplib/microlib/fpepilogue.c           0x00000000   Number         0  depilogue.o ABSOLUTE
    ../fplib/microlib/fpepilogue.c           0x00000000   Number         0  fepilogue.o ABSOLUTE
    ../fplib/microlib/fpfix.c                0x00000000   Number         0  dfixui.o ABSOLUTE
    ../fplib/microlib/fpfix.c                0x00000000   Number         0  dfixul.o ABSOLUTE
    ../fplib/microlib/fpfix.c                0x00000000   Number         0  dfixi.o ABSOLUTE
    ../fplib/microlib/fpflt.c                0x00000000   Number         0  dfltui.o ABSOLUTE
    ../fplib/microlib/fpflt.c                0x00000000   Number         0  dflti.o ABSOLUTE
    ../fplib/microlib/fpflt.c                0x00000000   Number         0  ffltui.o ABSOLUTE
    ../fplib/microlib/fpmul.c                0x00000000   Number         0  dmul.o ABSOLUTE
    ../fplib/microlib/fpmul.c                0x00000000   Number         0  fmul.o ABSOLUTE
    ../fplib/microlib/fpscalb.c              0x00000000   Number         0  dscalb.o ABSOLUTE
    ../mathlib/dunder.c                      0x00000000   Number         0  dunder.o ABSOLUTE
    ../mathlib/exp.c                         0x00000000   Number         0  exp.o ABSOLUTE
    ../mathlib/exp.c                         0x00000000   Number         0  exp_x.o ABSOLUTE
    ../mathlib/fpclassify.c                  0x00000000   Number         0  fpclassify.o ABSOLUTE
    ../mathlib/poly.c                        0x00000000   Number         0  poly.o ABSOLUTE
    ../mathlib/qnan.c                        0x00000000   Number         0  qnan.o ABSOLUTE
    ..\CORE\core_cm3.c                       0x00000000   Number         0  core_cm3.o ABSOLUTE
    ..\CORE\startup_stm32f10x_hd.s           0x00000000   Number         0  startup_stm32f10x_hd.o ABSOLUTE
    ..\HARDWARE\ADC\adc.c                    0x00000000   Number         0  adc.o ABSOLUTE
    ..\HARDWARE\DHT11\dht11.c                0x00000000   Number         0  dht11.o ABSOLUTE
    ..\HARDWARE\LCD\lcd.c                    0x00000000   Number         0  lcd.o ABSOLUTE
    ..\HARDWARE\OLED\oled.c                  0x00000000   Number         0  oled.o ABSOLUTE
    ..\STM32F10x_FWLib\src\misc.c            0x00000000   Number         0  misc.o ABSOLUTE
    ..\STM32F10x_FWLib\src\stm32f10x_adc.c   0x00000000   Number         0  stm32f10x_adc.o ABSOLUTE
    ..\STM32F10x_FWLib\src\stm32f10x_gpio.c  0x00000000   Number         0  stm32f10x_gpio.o ABSOLUTE
    ..\STM32F10x_FWLib\src\stm32f10x_rcc.c   0x00000000   Number         0  stm32f10x_rcc.o ABSOLUTE
    ..\STM32F10x_FWLib\src\stm32f10x_usart.c 0x00000000   Number         0  stm32f10x_usart.o ABSOLUTE
    ..\SYSTEM\delay\delay.c                  0x00000000   Number         0  delay.o ABSOLUTE
    ..\SYSTEM\sys\sys.c                      0x00000000   Number         0  sys.o ABSOLUTE
    ..\SYSTEM\usart\usart.c                  0x00000000   Number         0  usart.o ABSOLUTE
    ..\\CORE\\core_cm3.c                     0x00000000   Number         0  core_cm3.o ABSOLUTE
    cdcmple.s                                0x00000000   Number         0  cdcmple.o ABSOLUTE
    cdrcmple.s                               0x00000000   Number         0  cdrcmple.o ABSOLUTE
    cfrcmple.s                               0x00000000   Number         0  cfrcmple.o ABSOLUTE
    dc.s                                     0x00000000   Number         0  dc.o ABSOLUTE
    handlers.s                               0x00000000   Number         0  handlers.o ABSOLUTE
    init.s                                   0x00000000   Number         0  init.o ABSOLUTE
    main.c                                   0x00000000   Number         0  main.o ABSOLUTE
    stm32f10x_it.c                           0x00000000   Number         0  stm32f10x_it.o ABSOLUTE
    system_stm32f10x.c                       0x00000000   Number         0  system_stm32f10x.o ABSOLUTE
    RESET                                    0x08000000   Section      304  startup_stm32f10x_hd.o(RESET)
    .ARM.Collect$$$$00000000                 0x08000130   Section        0  entry.o(.ARM.Collect$$$$00000000)
    .ARM.Collect$$$$00000001                 0x08000130   Section        4  entry2.o(.ARM.Collect$$$$00000001)
    .ARM.Collect$$$$00000004                 0x08000134   Section        4  entry5.o(.ARM.Collect$$$$00000004)
    .ARM.Collect$$$$00000008                 0x08000138   Section        0  entry7b.o(.ARM.Collect$$$$00000008)
    .ARM.Collect$$$$0000000A                 0x08000138   Section        0  entry8b.o(.ARM.Collect$$$$0000000A)
    .ARM.Collect$$$$0000000B                 0x08000138   Section        8  entry9a.o(.ARM.Collect$$$$0000000B)
    .ARM.Collect$$$$0000000D                 0x08000140   Section        0  entry10a.o(.ARM.Collect$$$$0000000D)
    .ARM.Collect$$$$0000000F                 0x08000140   Section        0  entry11a.o(.ARM.Collect$$$$0000000F)
    .ARM.Collect$$$$00002712                 0x08000140   Section        4  entry2.o(.ARM.Collect$$$$00002712)
    __lit__00000000                          0x08000140   Data           4  entry2.o(.ARM.Collect$$$$00002712)
    .text                                    0x08000144   Section        0  main.o(.text)
    .text                                    0x08000764   Section        0  stm32f10x_it.o(.text)
    .text                                    0x08000780   Section        0  system_stm32f10x.o(.text)
    SetSysClockTo72                          0x08000781   Thumb Code   214  system_stm32f10x.o(.text)
    SetSysClock                              0x08000857   Thumb Code     8  system_stm32f10x.o(.text)
    .text                                    0x08000960   Section        0  lcd.o(.text)
    .text                                    0x080061a8   Section        0  adc.o(.text)
    .text                                    0x08006290   Section        0  dht11.o(.text)
    .text                                    0x08006448   Section        0  oled.o(.text)
    .text                                    0x08006a60   Section        0  delay.o(.text)
    .text                                    0x08006b34   Section        0  sys.o(.text)
    .text                                    0x08006b40   Section        0  usart.o(.text)
    .text                                    0x08006c80   Section       36  startup_stm32f10x_hd.o(.text)
    .text                                    0x08006ca4   Section        0  stm32f10x_gpio.o(.text)
    .text                                    0x08007000   Section        0  stm32f10x_rcc.o(.text)
    .text                                    0x080073a4   Section        0  stm32f10x_usart.o(.text)
    .text                                    0x080077ac   Section        0  misc.o(.text)
    .text                                    0x08007888   Section        0  stm32f10x_adc.o(.text)
    .text                                    0x08007cd6   Section        0  fadd.o(.text)
    .text                                    0x08007d86   Section        0  fmul.o(.text)
    .text                                    0x08007dea   Section        0  fdiv.o(.text)
    .text                                    0x08007e66   Section        0  dadd.o(.text)
    .text                                    0x08007fb4   Section        0  dmul.o(.text)
    .text                                    0x08008098   Section        0  ddiv.o(.text)
    .text                                    0x08008176   Section        0  ffltui.o(.text)
    .text                                    0x08008180   Section        0  dfltui.o(.text)
    .text                                    0x0800819a   Section        0  dfixui.o(.text)
    .text                                    0x080081cc   Section        0  f2d.o(.text)
    .text                                    0x080081f2   Section        0  d2f.o(.text)
    .text                                    0x0800822c   Section       20  cfrcmple.o(.text)
    .text                                    0x08008240   Section        0  uldiv.o(.text)
    .text                                    0x080082a2   Section        0  llshl.o(.text)
    .text                                    0x080082c0   Section        0  llushr.o(.text)
    .text                                    0x080082e0   Section        0  llsshr.o(.text)
    .text                                    0x08008304   Section        0  fepilogue.o(.text)
    .text                                    0x08008304   Section        0  iusefp.o(.text)
    .text                                    0x08008372   Section        0  depilogue.o(.text)
    .text                                    0x0800842c   Section        0  dscalb.o(.text)
    .text                                    0x0800845a   Section        0  dflti.o(.text)
    .text                                    0x0800847c   Section        0  dfixi.o(.text)
    .text                                    0x080084bc   Section       48  cdcmple.o(.text)
    .text                                    0x080084ec   Section       48  cdrcmple.o(.text)
    .text                                    0x0800851c   Section       36  init.o(.text)
    .text                                    0x08008540   Section        0  __dczerorl2.o(.text)
    i.__0printf$5                            0x08008598   Section        0  printf5.o(i.__0printf$5)
    i.__ARM_fpclassify                       0x080085b8   Section        0  fpclassify.o(i.__ARM_fpclassify)
    i.__kernel_poly                          0x080085e0   Section        0  poly.o(i.__kernel_poly)
    i.__mathlib_dbl_infnan                   0x0800868a   Section        0  dunder.o(i.__mathlib_dbl_infnan)
    i.__mathlib_dbl_overflow                 0x08008690   Section        0  dunder.o(i.__mathlib_dbl_overflow)
    i.__mathlib_dbl_underflow                0x080086a0   Section        0  dunder.o(i.__mathlib_dbl_underflow)
    i.__scatterload_copy                     0x080086b0   Section       14  handlers.o(i.__scatterload_copy)
    i.__scatterload_null                     0x080086be   Section        2  handlers.o(i.__scatterload_null)
    i.__scatterload_zeroinit                 0x080086c0   Section       14  handlers.o(i.__scatterload_zeroinit)
    i.__set_errno                            0x080086d0   Section        0  errno.o(i.__set_errno)
    i._printf_core                           0x080086dc   Section        0  printf5.o(i._printf_core)
    _printf_core                             0x080086dd   Thumb Code   658  printf5.o(i._printf_core)
    i.exp                                    0x0800899c   Section        0  exp.o(i.exp)
    .constdata                               0x08008c20   Section     6080  lcd.o(.constdata)
    .constdata                               0x0800a3e0   Section     2072  oled.o(.constdata)
    .constdata                               0x0800abf8   Section       88  exp.o(.constdata)
    halF                                     0x0800abf8   Data          16  exp.o(.constdata)
    ln2HI                                    0x0800ac08   Data          16  exp.o(.constdata)
    ln2LO                                    0x0800ac18   Data          16  exp.o(.constdata)
    P                                        0x0800ac28   Data          40  exp.o(.constdata)
    .data                                    0x20000000   Section       20  system_stm32f10x.o(.data)
    .data                                    0x20000014   Section        4  lcd.o(.data)
    .data                                    0x20000018   Section      896  oled.o(.data)
    .data                                    0x20000398   Section        4  delay.o(.data)
    fac_us                                   0x20000398   Data           1  delay.o(.data)
    fac_ms                                   0x2000039a   Data           2  delay.o(.data)
    .data                                    0x2000039c   Section        6  usart.o(.data)
    .data                                    0x200003a2   Section       20  stm32f10x_rcc.o(.data)
    APBAHBPrescTable                         0x200003a2   Data          16  stm32f10x_rcc.o(.data)
    ADCPrescTable                            0x200003b2   Data           4  stm32f10x_rcc.o(.data)
    .data                                    0x200003b8   Section        4  errno.o(.data)
    _errno                                   0x200003b8   Data           4  errno.o(.data)
    .bss                                     0x200003bc   Section       14  lcd.o(.bss)
    .bss                                     0x200003ca   Section      200  usart.o(.bss)
    STACK                                    0x20000498   Section     1024  startup_stm32f10x_hd.o(STACK)

    Global Symbols

    Symbol Name                              Value     Ov Type        Size  Object(Section)

    BuildAttributes$$THM_ISAv4$P$D$K$B$S$PE$A:L22UL41UL21$X:L11$S22US41US21$IEEE1$IW$USESV6$~STKCKD$USESV7$~SHL$OTIME$ROPI$IEEEX$EBA8$MICROLIB$REQ8$PRES8$EABIv2 0x00000000   Number         0  anon$$obj.o ABSOLUTE
    __ARM_use_no_argv                        0x00000000   Number         0  main.o ABSOLUTE
    __use_no_errno                           0x00000000   Number         0  useno.o ABSOLUTE
    __use_no_exception_handling              0x00000000   Number         0  useno.o ABSOLUTE
    __use_no_fp                              0x00000000   Number         0  useno.o ABSOLUTE
    __use_no_heap                            0x00000000   Number         0  useno.o ABSOLUTE
    __use_no_heap_region                     0x00000000   Number         0  useno.o ABSOLUTE
    __use_no_semihosting                     0x00000000   Number         0  useno.o ABSOLUTE
    __use_no_semihosting_swi                 0x00000000   Number         0  useno.o ABSOLUTE
    __use_no_signal_handling                 0x00000000   Number         0  useno.o ABSOLUTE
    _printf_a                                0x00000000   Number         0  stubs.o ABSOLUTE
    _printf_c                                0x00000000   Number         0  stubs.o ABSOLUTE
    _printf_charcount                        0x00000000   Number         0  stubs.o ABSOLUTE
    _printf_d                                0x00000000   Number         0  stubs.o ABSOLUTE
    _printf_e                                0x00000000   Number         0  stubs.o ABSOLUTE
    _printf_f                                0x00000000   Number         0  stubs.o ABSOLUTE
    _printf_flags                            0x00000000   Number         0  stubs.o ABSOLUTE
    _printf_fp_dec                           0x00000000   Number         0  stubs.o ABSOLUTE
    _printf_fp_hex                           0x00000000   Number         0  stubs.o ABSOLUTE
    _printf_g                                0x00000000   Number         0  stubs.o ABSOLUTE
    _printf_i                                0x00000000   Number         0  stubs.o ABSOLUTE
    _printf_int_dec                          0x00000000   Number         0  stubs.o ABSOLUTE
    _printf_l                                0x00000000   Number         0  stubs.o ABSOLUTE
    _printf_lc                               0x00000000   Number         0  stubs.o ABSOLUTE
    _printf_ll                               0x00000000   Number         0  stubs.o ABSOLUTE
    _printf_lld                              0x00000000   Number         0  stubs.o ABSOLUTE
    _printf_lli                              0x00000000   Number         0  stubs.o ABSOLUTE
    _printf_llo                              0x00000000   Number         0  stubs.o ABSOLUTE
    _printf_llu                              0x00000000   Number         0  stubs.o ABSOLUTE
    _printf_llx                              0x00000000   Number         0  stubs.o ABSOLUTE
    _printf_longlong_dec                     0x00000000   Number         0  stubs.o ABSOLUTE
    _printf_longlong_hex                     0x00000000   Number         0  stubs.o ABSOLUTE
    _printf_longlong_oct                     0x00000000   Number         0  stubs.o ABSOLUTE
    _printf_ls                               0x00000000   Number         0  stubs.o ABSOLUTE
    _printf_mbtowc                           0x00000000   Number         0  stubs.o ABSOLUTE
    _printf_n                                0x00000000   Number         0  stubs.o ABSOLUTE
    _printf_o                                0x00000000   Number         0  stubs.o ABSOLUTE
    _printf_p                                0x00000000   Number         0  stubs.o ABSOLUTE
    _printf_percent                          0x00000000   Number         0  stubs.o ABSOLUTE
    _printf_pre_padding                      0x00000000   Number         0  stubs.o ABSOLUTE
    _printf_return_value                     0x00000000   Number         0  stubs.o ABSOLUTE
    _printf_s                                0x00000000   Number         0  stubs.o ABSOLUTE
    _printf_sizespec                         0x00000000   Number         0  stubs.o ABSOLUTE
    _printf_str                              0x00000000   Number         0  stubs.o ABSOLUTE
    _printf_truncate_signed                  0x00000000   Number         0  stubs.o ABSOLUTE
    _printf_truncate_unsigned                0x00000000   Number         0  stubs.o ABSOLUTE
    _printf_u                                0x00000000   Number         0  stubs.o ABSOLUTE
    _printf_wc                               0x00000000   Number         0  stubs.o ABSOLUTE
    _printf_wctomb                           0x00000000   Number         0  stubs.o ABSOLUTE
    _printf_widthprec                        0x00000000   Number         0  stubs.o ABSOLUTE
    _printf_x                                0x00000000   Number         0  stubs.o ABSOLUTE
    __cpp_initialize__aeabi_                  - Undefined Weak Reference
    __cxa_finalize                            - Undefined Weak Reference
    _clock_init                               - Undefined Weak Reference
    _microlib_exit                            - Undefined Weak Reference
    __Vectors_Size                           0x00000130   Number         0  startup_stm32f10x_hd.o ABSOLUTE
    __Vectors                                0x08000000   Data           4  startup_stm32f10x_hd.o(RESET)
    __Vectors_End                            0x08000130   Data           0  startup_stm32f10x_hd.o(RESET)
    __main                                   0x08000131   Thumb Code     0  entry.o(.ARM.Collect$$$$00000000)
    _main_stk                                0x08000131   Thumb Code     0  entry2.o(.ARM.Collect$$$$00000001)
    _main_scatterload                        0x08000135   Thumb Code     0  entry5.o(.ARM.Collect$$$$00000004)
    __main_after_scatterload                 0x08000139   Thumb Code     0  entry5.o(.ARM.Collect$$$$00000004)
    _main_clock                              0x08000139   Thumb Code     0  entry7b.o(.ARM.Collect$$$$00000008)
    _main_cpp_init                           0x08000139   Thumb Code     0  entry8b.o(.ARM.Collect$$$$0000000A)
    _main_init                               0x08000139   Thumb Code     0  entry9a.o(.ARM.Collect$$$$0000000B)
    __rt_final_cpp                           0x08000141   Thumb Code     0  entry10a.o(.ARM.Collect$$$$0000000D)
    __rt_final_exit                          0x08000141   Thumb Code     0  entry11a.o(.ARM.Collect$$$$0000000F)
    main                                     0x08000145   Thumb Code  1518  main.o(.text)
    NMI_Handler                              0x08000765   Thumb Code     2  stm32f10x_it.o(.text)
    HardFault_Handler                        0x08000767   Thumb Code     4  stm32f10x_it.o(.text)
    MemManage_Handler                        0x0800076b   Thumb Code     4  stm32f10x_it.o(.text)
    BusFault_Handler                         0x0800076f   Thumb Code     4  stm32f10x_it.o(.text)
    UsageFault_Handler                       0x08000773   Thumb Code     4  stm32f10x_it.o(.text)
    SVC_Handler                              0x08000777   Thumb Code     2  stm32f10x_it.o(.text)
    DebugMon_Handler                         0x08000779   Thumb Code     2  stm32f10x_it.o(.text)
    PendSV_Handler                           0x0800077b   Thumb Code     2  stm32f10x_it.o(.text)
    SysTick_Handler                          0x0800077d   Thumb Code     2  stm32f10x_it.o(.text)
    SystemInit                               0x0800085f   Thumb Code    78  system_stm32f10x.o(.text)
    SystemCoreClockUpdate                    0x080008ad   Thumb Code   142  system_stm32f10x.o(.text)
    LCD_WR_REG                               0x08000961   Thumb Code    28  lcd.o(.text)
    LCD_WR_DATAX                             0x0800097d   Thumb Code    28  lcd.o(.text)
    LCD_RD_DATA                              0x08000999   Thumb Code    98  lcd.o(.text)
    LCD_WriteReg                             0x080009fb   Thumb Code    40  lcd.o(.text)
    LCD_ReadReg                              0x08000a23   Thumb Code    16  lcd.o(.text)
    LCD_WriteRAM_Prepare                     0x08000a33   Thumb Code    12  lcd.o(.text)
    LCD_WriteRAM                             0x08000a3f   Thumb Code    28  lcd.o(.text)
    LCD_BGR2RGB                              0x08000a5b   Thumb Code    26  lcd.o(.text)
    opt_delay                                0x08000a75   Thumb Code    14  lcd.o(.text)
    LCD_SetCursor                            0x08000a83   Thumb Code   956  lcd.o(.text)
    LCD_ReadPoint                            0x08000e3f   Thumb Code   506  lcd.o(.text)
    LCD_DisplayOn                            0x08001039   Thumb Code    92  lcd.o(.text)
    LCD_DisplayOff                           0x08001095   Thumb Code    90  lcd.o(.text)
    LCD_Scan_Dir                             0x080010ef   Thumb Code  1126  lcd.o(.text)
    LCD_DrawPoint                            0x08001555   Thumb Code    52  lcd.o(.text)
    LCD_Fast_DrawPoint                       0x08001589   Thumb Code   854  lcd.o(.text)
    LCD_SSD_BackLightSet                     0x080018df   Thumb Code   220  lcd.o(.text)
    LCD_Display_Dir                          0x080019bb   Thumb Code   444  lcd.o(.text)
    LCD_Set_Window                           0x08001b77   Thumb Code  1078  lcd.o(.text)
    LCD_Clear                                0x08001fad   Thumb Code   122  lcd.o(.text)
    LCD_Init                                 0x08002027   Thumb Code 15298  lcd.o(.text)
    LCD_Fill                                 0x08005be9   Thumb Code   200  lcd.o(.text)
    LCD_Color_Fill                           0x08005cb1   Thumb Code   116  lcd.o(.text)
    LCD_DrawLine                             0x08005d25   Thumb Code   176  lcd.o(.text)
    LCD_DrawRectangle                        0x08005dd5   Thumb Code    60  lcd.o(.text)
    LCD_Draw_Circle                          0x08005e11   Thumb Code   152  lcd.o(.text)
    LCD_ShowChar                             0x08005ea9   Thumb Code   272  lcd.o(.text)
    LCD_Pow                                  0x08005fb9   Thumb Code    22  lcd.o(.text)
    LCD_ShowNum                              0x08005fcf   Thumb Code   180  lcd.o(.text)
    LCD_ShowxNum                             0x08006083   Thumb Code   190  lcd.o(.text)
    LCD_ShowString                           0x08006141   Thumb Code   102  lcd.o(.text)
    Adc_Init                                 0x080061a9   Thumb Code   132  adc.o(.text)
    Get_Adc                                  0x0800622d   Thumb Code    46  adc.o(.text)
    Get_Adc_Average                          0x0800625b   Thumb Code    46  adc.o(.text)
    DHT11_Rst                                0x08006291   Thumb Code    52  dht11.o(.text)
    DHT11_Check                              0x080062c5   Thumb Code    96  dht11.o(.text)
    DHT11_Read_Bit                           0x08006325   Thumb Code    76  dht11.o(.text)
    DHT11_Read_Byte                          0x08006371   Thumb Code    30  dht11.o(.text)
    DHT11_Read_Data                          0x0800638f   Thumb Code   112  dht11.o(.text)
    DHT11_Init                               0x080063ff   Thumb Code    58  dht11.o(.text)
    IIC_Start                                0x08006449   Thumb Code    44  oled.o(.text)
    IIC_Stop                                 0x08006475   Thumb Code    34  oled.o(.text)
    IIC_Wait_Ack                             0x08006497   Thumb Code    24  oled.o(.text)
    Write_IIC_Byte                           0x080064af   Thumb Code    88  oled.o(.text)
    Write_IIC_Command                        0x08006507   Thumb Code    44  oled.o(.text)
    Write_IIC_Data                           0x08006533   Thumb Code    44  oled.o(.text)
    OLED_WR_Byte                             0x0800655f   Thumb Code    24  oled.o(.text)
    fill_picture                             0x08006577   Thumb Code    64  oled.o(.text)
    Delay_50ms                               0x080065b7   Thumb Code    22  oled.o(.text)
    Delay_1ms                                0x080065cd   Thumb Code    26  oled.o(.text)
    OLED_Set_Pos                             0x080065e7   Thumb Code    40  oled.o(.text)
    OLED_Display_On                          0x0800660f   Thumb Code    28  oled.o(.text)
    OLED_Display_Off                         0x0800662b   Thumb Code    28  oled.o(.text)
    OLED_Clear                               0x08006647   Thumb Code    62  oled.o(.text)
    OLED_On                                  0x08006685   Thumb Code    62  oled.o(.text)
    OLED_ShowChar                            0x080066c3   Thumb Code   154  oled.o(.text)
    oled_pow                                 0x0800675d   Thumb Code    22  oled.o(.text)
    OLED_ShowNum                             0x08006773   Thumb Code   136  oled.o(.text)
    OLED_ShowString                          0x080067fb   Thumb Code    70  oled.o(.text)
    OLED_ShowCHinese                         0x08006841   Thumb Code    98  oled.o(.text)
    OLED_DrawBMP                             0x080068a3   Thumb Code   118  oled.o(.text)
    OLED_Init                                0x08006919   Thumb Code   314  oled.o(.text)
    delay_init                               0x08006a61   Thumb Code    50  delay.o(.text)
    delay_us                                 0x08006a93   Thumb Code    72  delay.o(.text)
    delay_ms                                 0x08006adb   Thumb Code    72  delay.o(.text)
    NVIC_Configuration                       0x08006b35   Thumb Code    12  sys.o(.text)
    _sys_exit                                0x08006b41   Thumb Code     4  usart.o(.text)
    fputc                                    0x08006b45   Thumb Code    24  usart.o(.text)
    uart_init                                0x08006b5d   Thumb Code   152  usart.o(.text)
    USART1_IRQHandler                        0x08006bf5   Thumb Code   122  usart.o(.text)
    Reset_Handler                            0x08006c81   Thumb Code     8  startup_stm32f10x_hd.o(.text)
    ADC1_2_IRQHandler                        0x08006c9b   Thumb Code     0  startup_stm32f10x_hd.o(.text)
    ADC3_IRQHandler                          0x08006c9b   Thumb Code     0  startup_stm32f10x_hd.o(.text)
    CAN1_RX1_IRQHandler                      0x08006c9b   Thumb Code     0  startup_stm32f10x_hd.o(.text)
    CAN1_SCE_IRQHandler                      0x08006c9b   Thumb Code     0  startup_stm32f10x_hd.o(.text)
    DMA1_Channel1_IRQHandler                 0x08006c9b   Thumb Code     0  startup_stm32f10x_hd.o(.text)
    DMA1_Channel2_IRQHandler                 0x08006c9b   Thumb Code     0  startup_stm32f10x_hd.o(.text)
    DMA1_Channel3_IRQHandler                 0x08006c9b   Thumb Code     0  startup_stm32f10x_hd.o(.text)
    DMA1_Channel4_IRQHandler                 0x08006c9b   Thumb Code     0  startup_stm32f10x_hd.o(.text)
    DMA1_Channel5_IRQHandler                 0x08006c9b   Thumb Code     0  startup_stm32f10x_hd.o(.text)
    DMA1_Channel6_IRQHandler                 0x08006c9b   Thumb Code     0  startup_stm32f10x_hd.o(.text)
    DMA1_Channel7_IRQHandler                 0x08006c9b   Thumb Code     0  startup_stm32f10x_hd.o(.text)
    DMA2_Channel1_IRQHandler                 0x08006c9b   Thumb Code     0  startup_stm32f10x_hd.o(.text)
    DMA2_Channel2_IRQHandler                 0x08006c9b   Thumb Code     0  startup_stm32f10x_hd.o(.text)
    DMA2_Channel3_IRQHandler                 0x08006c9b   Thumb Code     0  startup_stm32f10x_hd.o(.text)
    DMA2_Channel4_5_IRQHandler               0x08006c9b   Thumb Code     0  startup_stm32f10x_hd.o(.text)
    EXTI0_IRQHandler                         0x08006c9b   Thumb Code     0  startup_stm32f10x_hd.o(.text)
    EXTI15_10_IRQHandler                     0x08006c9b   Thumb Code     0  startup_stm32f10x_hd.o(.text)
    EXTI1_IRQHandler                         0x08006c9b   Thumb Code     0  startup_stm32f10x_hd.o(.text)
    EXTI2_IRQHandler                         0x08006c9b   Thumb Code     0  startup_stm32f10x_hd.o(.text)
    EXTI3_IRQHandler                         0x08006c9b   Thumb Code     0  startup_stm32f10x_hd.o(.text)
    EXTI4_IRQHandler                         0x08006c9b   Thumb Code     0  startup_stm32f10x_hd.o(.text)
    EXTI9_5_IRQHandler                       0x08006c9b   Thumb Code     0  startup_stm32f10x_hd.o(.text)
    FLASH_IRQHandler                         0x08006c9b   Thumb Code     0  startup_stm32f10x_hd.o(.text)
    FSMC_IRQHandler                          0x08006c9b   Thumb Code     0  startup_stm32f10x_hd.o(.text)
    I2C1_ER_IRQHandler                       0x08006c9b   Thumb Code     0  startup_stm32f10x_hd.o(.text)
    I2C1_EV_IRQHandler                       0x08006c9b   Thumb Code     0  startup_stm32f10x_hd.o(.text)
    I2C2_ER_IRQHandler                       0x08006c9b   Thumb Code     0  startup_stm32f10x_hd.o(.text)
    I2C2_EV_IRQHandler                       0x08006c9b   Thumb Code     0  startup_stm32f10x_hd.o(.text)
    PVD_IRQHandler                           0x08006c9b   Thumb Code     0  startup_stm32f10x_hd.o(.text)
    RCC_IRQHandler                           0x08006c9b   Thumb Code     0  startup_stm32f10x_hd.o(.text)
    RTCAlarm_IRQHandler                      0x08006c9b   Thumb Code     0  startup_stm32f10x_hd.o(.text)
    RTC_IRQHandler                           0x08006c9b   Thumb Code     0  startup_stm32f10x_hd.o(.text)
    SDIO_IRQHandler                          0x08006c9b   Thumb Code     0  startup_stm32f10x_hd.o(.text)
    SPI1_IRQHandler                          0x08006c9b   Thumb Code     0  startup_stm32f10x_hd.o(.text)
    SPI2_IRQHandler                          0x08006c9b   Thumb Code     0  startup_stm32f10x_hd.o(.text)
    SPI3_IRQHandler                          0x08006c9b   Thumb Code     0  startup_stm32f10x_hd.o(.text)
    TAMPER_IRQHandler                        0x08006c9b   Thumb Code     0  startup_stm32f10x_hd.o(.text)
    TIM1_BRK_IRQHandler                      0x08006c9b   Thumb Code     0  startup_stm32f10x_hd.o(.text)
    TIM1_CC_IRQHandler                       0x08006c9b   Thumb Code     0  startup_stm32f10x_hd.o(.text)
    TIM1_TRG_COM_IRQHandler                  0x08006c9b   Thumb Code     0  startup_stm32f10x_hd.o(.text)
    TIM1_UP_IRQHandler                       0x08006c9b   Thumb Code     0  startup_stm32f10x_hd.o(.text)
    TIM2_IRQHandler                          0x08006c9b   Thumb Code     0  startup_stm32f10x_hd.o(.text)
    TIM3_IRQHandler                          0x08006c9b   Thumb Code     0  startup_stm32f10x_hd.o(.text)
    TIM4_IRQHandler                          0x08006c9b   Thumb Code     0  startup_stm32f10x_hd.o(.text)
    TIM5_IRQHandler                          0x08006c9b   Thumb Code     0  startup_stm32f10x_hd.o(.text)
    TIM6_IRQHandler                          0x08006c9b   Thumb Code     0  startup_stm32f10x_hd.o(.text)
    TIM7_IRQHandler                          0x08006c9b   Thumb Code     0  startup_stm32f10x_hd.o(.text)
    TIM8_BRK_IRQHandler                      0x08006c9b   Thumb Code     0  startup_stm32f10x_hd.o(.text)
    TIM8_CC_IRQHandler                       0x08006c9b   Thumb Code     0  startup_stm32f10x_hd.o(.text)
    TIM8_TRG_COM_IRQHandler                  0x08006c9b   Thumb Code     0  startup_stm32f10x_hd.o(.text)
    TIM8_UP_IRQHandler                       0x08006c9b   Thumb Code     0  startup_stm32f10x_hd.o(.text)
    UART4_IRQHandler                         0x08006c9b   Thumb Code     0  startup_stm32f10x_hd.o(.text)
    UART5_IRQHandler                         0x08006c9b   Thumb Code     0  startup_stm32f10x_hd.o(.text)
    USART2_IRQHandler                        0x08006c9b   Thumb Code     0  startup_stm32f10x_hd.o(.text)
    USART3_IRQHandler                        0x08006c9b   Thumb Code     0  startup_stm32f10x_hd.o(.text)
    USBWakeUp_IRQHandler                     0x08006c9b   Thumb Code     0  startup_stm32f10x_hd.o(.text)
    USB_HP_CAN1_TX_IRQHandler                0x08006c9b   Thumb Code     0  startup_stm32f10x_hd.o(.text)
    USB_LP_CAN1_RX0_IRQHandler               0x08006c9b   Thumb Code     0  startup_stm32f10x_hd.o(.text)
    WWDG_IRQHandler                          0x08006c9b   Thumb Code     0  startup_stm32f10x_hd.o(.text)
    GPIO_DeInit                              0x08006ca5   Thumb Code   172  stm32f10x_gpio.o(.text)
    GPIO_AFIODeInit                          0x08006d51   Thumb Code    20  stm32f10x_gpio.o(.text)
    GPIO_Init                                0x08006d65   Thumb Code   278  stm32f10x_gpio.o(.text)
    GPIO_StructInit                          0x08006e7b   Thumb Code    16  stm32f10x_gpio.o(.text)
    GPIO_ReadInputDataBit                    0x08006e8b   Thumb Code    18  stm32f10x_gpio.o(.text)
    GPIO_ReadInputData                       0x08006e9d   Thumb Code     8  stm32f10x_gpio.o(.text)
    GPIO_ReadOutputDataBit                   0x08006ea5   Thumb Code    18  stm32f10x_gpio.o(.text)
    GPIO_ReadOutputData                      0x08006eb7   Thumb Code     8  stm32f10x_gpio.o(.text)
    GPIO_SetBits                             0x08006ebf   Thumb Code     4  stm32f10x_gpio.o(.text)
    GPIO_ResetBits                           0x08006ec3   Thumb Code     4  stm32f10x_gpio.o(.text)
    GPIO_WriteBit                            0x08006ec7   Thumb Code    10  stm32f10x_gpio.o(.text)
    GPIO_Write                               0x08006ed1   Thumb Code     4  stm32f10x_gpio.o(.text)
    GPIO_PinLockConfig                       0x08006ed5   Thumb Code    18  stm32f10x_gpio.o(.text)
    GPIO_EventOutputConfig                   0x08006ee7   Thumb Code    26  stm32f10x_gpio.o(.text)
    GPIO_EventOutputCmd                      0x08006f01   Thumb Code     6  stm32f10x_gpio.o(.text)
    GPIO_PinRemapConfig                      0x08006f07   Thumb Code   138  stm32f10x_gpio.o(.text)
    GPIO_EXTILineConfig                      0x08006f91   Thumb Code    66  stm32f10x_gpio.o(.text)
    GPIO_ETH_MediaInterfaceConfig            0x08006fd3   Thumb Code     8  stm32f10x_gpio.o(.text)
    RCC_DeInit                               0x08007001   Thumb Code    64  stm32f10x_rcc.o(.text)
    RCC_HSEConfig                            0x08007041   Thumb Code    70  stm32f10x_rcc.o(.text)
    RCC_GetFlagStatus                        0x08007087   Thumb Code    56  stm32f10x_rcc.o(.text)
    RCC_WaitForHSEStartUp                    0x080070bf   Thumb Code    56  stm32f10x_rcc.o(.text)
    RCC_AdjustHSICalibrationValue            0x080070f7   Thumb Code    20  stm32f10x_rcc.o(.text)
    RCC_HSICmd                               0x0800710b   Thumb Code     6  stm32f10x_rcc.o(.text)
    RCC_PLLConfig                            0x08007111   Thumb Code    24  stm32f10x_rcc.o(.text)
    RCC_PLLCmd                               0x08007129   Thumb Code     6  stm32f10x_rcc.o(.text)
    RCC_SYSCLKConfig                         0x0800712f   Thumb Code    18  stm32f10x_rcc.o(.text)
    RCC_GetSYSCLKSource                      0x08007141   Thumb Code    10  stm32f10x_rcc.o(.text)
    RCC_HCLKConfig                           0x0800714b   Thumb Code    18  stm32f10x_rcc.o(.text)
    RCC_PCLK1Config                          0x0800715d   Thumb Code    18  stm32f10x_rcc.o(.text)
    RCC_PCLK2Config                          0x0800716f   Thumb Code    20  stm32f10x_rcc.o(.text)
    RCC_ITConfig                             0x08007183   Thumb Code    26  stm32f10x_rcc.o(.text)
    RCC_USBCLKConfig                         0x0800719d   Thumb Code     8  stm32f10x_rcc.o(.text)
    RCC_ADCCLKConfig                         0x080071a5   Thumb Code    18  stm32f10x_rcc.o(.text)
    RCC_LSEConfig                            0x080071b7   Thumb Code    50  stm32f10x_rcc.o(.text)
    RCC_LSICmd                               0x080071e9   Thumb Code     6  stm32f10x_rcc.o(.text)
    RCC_RTCCLKConfig                         0x080071ef   Thumb Code    12  stm32f10x_rcc.o(.text)
    RCC_RTCCLKCmd                            0x080071fb   Thumb Code     8  stm32f10x_rcc.o(.text)
    RCC_GetClocksFreq                        0x08007203   Thumb Code   192  stm32f10x_rcc.o(.text)
    RCC_AHBPeriphClockCmd                    0x080072c3   Thumb Code    26  stm32f10x_rcc.o(.text)
    RCC_APB2PeriphClockCmd                   0x080072dd   Thumb Code    26  stm32f10x_rcc.o(.text)
    RCC_APB1PeriphClockCmd                   0x080072f7   Thumb Code    26  stm32f10x_rcc.o(.text)
    RCC_APB2PeriphResetCmd                   0x08007311   Thumb Code    26  stm32f10x_rcc.o(.text)
    RCC_APB1PeriphResetCmd                   0x0800732b   Thumb Code    26  stm32f10x_rcc.o(.text)
    RCC_BackupResetCmd                       0x08007345   Thumb Code     8  stm32f10x_rcc.o(.text)
    RCC_ClockSecuritySystemCmd               0x0800734d   Thumb Code     6  stm32f10x_rcc.o(.text)
    RCC_MCOConfig                            0x08007353   Thumb Code     6  stm32f10x_rcc.o(.text)
    RCC_ClearFlag                            0x08007359   Thumb Code    14  stm32f10x_rcc.o(.text)
    RCC_GetITStatus                          0x08007367   Thumb Code    20  stm32f10x_rcc.o(.text)
    RCC_ClearITPendingBit                    0x0800737b   Thumb Code     6  stm32f10x_rcc.o(.text)
    USART_DeInit                             0x080073a5   Thumb Code   134  stm32f10x_usart.o(.text)
    USART_Init                               0x0800742b   Thumb Code   210  stm32f10x_usart.o(.text)
    USART_StructInit                         0x080074fd   Thumb Code    24  stm32f10x_usart.o(.text)
    USART_ClockInit                          0x08007515   Thumb Code    34  stm32f10x_usart.o(.text)
    USART_ClockStructInit                    0x08007537   Thumb Code    12  stm32f10x_usart.o(.text)
    USART_Cmd                                0x08007543   Thumb Code    24  stm32f10x_usart.o(.text)
    USART_ITConfig                           0x0800755b   Thumb Code    74  stm32f10x_usart.o(.text)
    USART_DMACmd                             0x080075a5   Thumb Code    18  stm32f10x_usart.o(.text)
    USART_SetAddress                         0x080075b7   Thumb Code    18  stm32f10x_usart.o(.text)
    USART_WakeUpConfig                       0x080075c9   Thumb Code    18  stm32f10x_usart.o(.text)
    USART_ReceiverWakeUpCmd                  0x080075db   Thumb Code    24  stm32f10x_usart.o(.text)
    USART_LINBreakDetectLengthConfig         0x080075f3   Thumb Code    18  stm32f10x_usart.o(.text)
    USART_LINCmd                             0x08007605   Thumb Code    24  stm32f10x_usart.o(.text)
    USART_SendData                           0x0800761d   Thumb Code     8  stm32f10x_usart.o(.text)
    USART_ReceiveData                        0x08007625   Thumb Code    10  stm32f10x_usart.o(.text)
    USART_SendBreak                          0x0800762f   Thumb Code    10  stm32f10x_usart.o(.text)
    USART_SetGuardTime                       0x08007639   Thumb Code    16  stm32f10x_usart.o(.text)
    USART_SetPrescaler                       0x08007649   Thumb Code    16  stm32f10x_usart.o(.text)
    USART_SmartCardCmd                       0x08007659   Thumb Code    24  stm32f10x_usart.o(.text)
    USART_SmartCardNACKCmd                   0x08007671   Thumb Code    24  stm32f10x_usart.o(.text)
    USART_HalfDuplexCmd                      0x08007689   Thumb Code    24  stm32f10x_usart.o(.text)
    USART_OverSampling8Cmd                   0x080076a1   Thumb Code    22  stm32f10x_usart.o(.text)
    USART_OneBitMethodCmd                    0x080076b7   Thumb Code    24  stm32f10x_usart.o(.text)
    USART_IrDAConfig                         0x080076cf   Thumb Code    18  stm32f10x_usart.o(.text)
    USART_IrDACmd                            0x080076e1   Thumb Code    24  stm32f10x_usart.o(.text)
    USART_GetFlagStatus                      0x080076f9   Thumb Code    26  stm32f10x_usart.o(.text)
    USART_ClearFlag                          0x08007713   Thumb Code    18  stm32f10x_usart.o(.text)
    USART_GetITStatus                        0x08007725   Thumb Code    84  stm32f10x_usart.o(.text)
    USART_ClearITPendingBit                  0x08007779   Thumb Code    52  stm32f10x_usart.o(.text)
    NVIC_PriorityGroupConfig                 0x080077ad   Thumb Code    10  misc.o(.text)
    NVIC_Init                                0x080077b7   Thumb Code   100  misc.o(.text)
    NVIC_SetVectorTable                      0x0800781b   Thumb Code    14  misc.o(.text)
    NVIC_SystemLPConfig                      0x08007829   Thumb Code    34  misc.o(.text)
    SysTick_CLKSourceConfig                  0x0800784b   Thumb Code    40  misc.o(.text)
    ADC_DeInit                               0x08007889   Thumb Code    78  stm32f10x_adc.o(.text)
    ADC_Init                                 0x080078d7   Thumb Code    70  stm32f10x_adc.o(.text)
    ADC_StructInit                           0x0800791d   Thumb Code    18  stm32f10x_adc.o(.text)
    ADC_Cmd                                  0x0800792f   Thumb Code    22  stm32f10x_adc.o(.text)
    ADC_DMACmd                               0x08007945   Thumb Code    22  stm32f10x_adc.o(.text)
    ADC_ITConfig                             0x0800795b   Thumb Code    24  stm32f10x_adc.o(.text)
    ADC_ResetCalibration                     0x08007973   Thumb Code    10  stm32f10x_adc.o(.text)
    ADC_GetResetCalibrationStatus            0x0800797d   Thumb Code    20  stm32f10x_adc.o(.text)
    ADC_StartCalibration                     0x08007991   Thumb Code    10  stm32f10x_adc.o(.text)
    ADC_GetCalibrationStatus                 0x0800799b   Thumb Code    20  stm32f10x_adc.o(.text)
    ADC_SoftwareStartConvCmd                 0x080079af   Thumb Code    22  stm32f10x_adc.o(.text)
    ADC_GetSoftwareStartConvStatus           0x080079c5   Thumb Code    20  stm32f10x_adc.o(.text)
    ADC_DiscModeChannelCountConfig           0x080079d9   Thumb Code    24  stm32f10x_adc.o(.text)
    ADC_DiscModeCmd                          0x080079f1   Thumb Code    22  stm32f10x_adc.o(.text)
    ADC_RegularChannelConfig                 0x08007a07   Thumb Code   184  stm32f10x_adc.o(.text)
    ADC_ExternalTrigConvCmd                  0x08007abf   Thumb Code    22  stm32f10x_adc.o(.text)
    ADC_GetConversionValue                   0x08007ad5   Thumb Code     8  stm32f10x_adc.o(.text)
    ADC_GetDualModeConversionValue           0x08007add   Thumb Code     8  stm32f10x_adc.o(.text)
    ADC_AutoInjectedConvCmd                  0x08007ae5   Thumb Code    22  stm32f10x_adc.o(.text)
    ADC_InjectedDiscModeCmd                  0x08007afb   Thumb Code    22  stm32f10x_adc.o(.text)
    ADC_ExternalTrigInjectedConvConfig       0x08007b11   Thumb Code    16  stm32f10x_adc.o(.text)
    ADC_ExternalTrigInjectedConvCmd          0x08007b21   Thumb Code    22  stm32f10x_adc.o(.text)
    ADC_SoftwareStartInjectedConvCmd         0x08007b37   Thumb Code    22  stm32f10x_adc.o(.text)
    ADC_GetSoftwareStartInjectedConvCmdStatus 0x08007b4d   Thumb Code    20  stm32f10x_adc.o(.text)
    ADC_InjectedChannelConfig                0x08007b61   Thumb Code   130  stm32f10x_adc.o(.text)
    ADC_InjectedSequencerLengthConfig        0x08007be3   Thumb Code    24  stm32f10x_adc.o(.text)
    ADC_SetInjectedOffset                    0x08007bfb   Thumb Code    20  stm32f10x_adc.o(.text)
    ADC_GetInjectedConversionValue           0x08007c0f   Thumb Code    28  stm32f10x_adc.o(.text)
    ADC_AnalogWatchdogCmd                    0x08007c2b   Thumb Code    16  stm32f10x_adc.o(.text)
    ADC_AnalogWatchdogThresholdsConfig       0x08007c3b   Thumb Code     6  stm32f10x_adc.o(.text)
    ADC_AnalogWatchdogSingleChannelConfig    0x08007c41   Thumb Code    16  stm32f10x_adc.o(.text)
    ADC_TempSensorVrefintCmd                 0x08007c51   Thumb Code    64  stm32f10x_adc.o(.text)
    ADC_GetFlagStatus                        0x08007c91   Thumb Code    18  stm32f10x_adc.o(.text)
    ADC_ClearFlag                            0x08007ca3   Thumb Code     6  stm32f10x_adc.o(.text)
    ADC_GetITStatus                          0x08007ca9   Thumb Code    36  stm32f10x_adc.o(.text)
    ADC_ClearITPendingBit                    0x08007ccd   Thumb Code    10  stm32f10x_adc.o(.text)
    __aeabi_fadd                             0x08007cd7   Thumb Code   164  fadd.o(.text)
    __aeabi_fsub                             0x08007d7b   Thumb Code     6  fadd.o(.text)
    __aeabi_frsub                            0x08007d81   Thumb Code     6  fadd.o(.text)
    __aeabi_fmul                             0x08007d87   Thumb Code   100  fmul.o(.text)
    __aeabi_fdiv                             0x08007deb   Thumb Code   124  fdiv.o(.text)
    __aeabi_dadd                             0x08007e67   Thumb Code   322  dadd.o(.text)
    __aeabi_dsub                             0x08007fa9   Thumb Code     6  dadd.o(.text)
    __aeabi_drsub                            0x08007faf   Thumb Code     6  dadd.o(.text)
    __aeabi_dmul                             0x08007fb5   Thumb Code   228  dmul.o(.text)
    __aeabi_ddiv                             0x08008099   Thumb Code   222  ddiv.o(.text)
    __aeabi_ui2f                             0x08008177   Thumb Code    10  ffltui.o(.text)
    __aeabi_ui2d                             0x08008181   Thumb Code    26  dfltui.o(.text)
    __aeabi_d2uiz                            0x0800819b   Thumb Code    50  dfixui.o(.text)
    __aeabi_f2d                              0x080081cd   Thumb Code    38  f2d.o(.text)
    __aeabi_d2f                              0x080081f3   Thumb Code    56  d2f.o(.text)
    __aeabi_cfrcmple                         0x0800822d   Thumb Code    20  cfrcmple.o(.text)
    __aeabi_uldivmod                         0x08008241   Thumb Code    98  uldiv.o(.text)
    __aeabi_llsl                             0x080082a3   Thumb Code    30  llshl.o(.text)
    _ll_shift_l                              0x080082a3   Thumb Code     0  llshl.o(.text)
    __aeabi_llsr                             0x080082c1   Thumb Code    32  llushr.o(.text)
    _ll_ushift_r                             0x080082c1   Thumb Code     0  llushr.o(.text)
    __aeabi_lasr                             0x080082e1   Thumb Code    36  llsshr.o(.text)
    _ll_sshift_r                             0x080082e1   Thumb Code     0  llsshr.o(.text)
    __I$use$fp                               0x08008305   Thumb Code     0  iusefp.o(.text)
    _float_round                             0x08008305   Thumb Code    18  fepilogue.o(.text)
    _float_epilogue                          0x08008317   Thumb Code    92  fepilogue.o(.text)
    _double_round                            0x08008373   Thumb Code    30  depilogue.o(.text)
    _double_epilogue                         0x08008391   Thumb Code   156  depilogue.o(.text)
    __ARM_scalbn                             0x0800842d   Thumb Code    46  dscalb.o(.text)
    scalbn                                   0x0800842d   Thumb Code     0  dscalb.o(.text)
    __aeabi_i2d                              0x0800845b   Thumb Code    34  dflti.o(.text)
    __aeabi_d2iz                             0x0800847d   Thumb Code    62  dfixi.o(.text)
    __aeabi_cdcmpeq                          0x080084bd   Thumb Code     0  cdcmple.o(.text)
    __aeabi_cdcmple                          0x080084bd   Thumb Code    48  cdcmple.o(.text)
    __aeabi_cdrcmple                         0x080084ed   Thumb Code    48  cdrcmple.o(.text)
    __scatterload                            0x0800851d   Thumb Code    28  init.o(.text)
    __scatterload_rt2                        0x0800851d   Thumb Code     0  init.o(.text)
    __decompress                             0x08008541   Thumb Code     0  __dczerorl2.o(.text)
    __decompress1                            0x08008541   Thumb Code    86  __dczerorl2.o(.text)
    __0printf$5                              0x08008599   Thumb Code    22  printf5.o(i.__0printf$5)
    __1printf$5                              0x08008599   Thumb Code     0  printf5.o(i.__0printf$5)
    __2printf                                0x08008599   Thumb Code     0  printf5.o(i.__0printf$5)
    __ARM_fpclassify                         0x080085b9   Thumb Code    40  fpclassify.o(i.__ARM_fpclassify)
    __kernel_poly                            0x080085e1   Thumb Code   170  poly.o(i.__kernel_poly)
    __mathlib_dbl_infnan                     0x0800868b   Thumb Code     6  dunder.o(i.__mathlib_dbl_infnan)
    __mathlib_dbl_overflow                   0x08008691   Thumb Code    14  dunder.o(i.__mathlib_dbl_overflow)
    __mathlib_dbl_underflow                  0x080086a1   Thumb Code    10  dunder.o(i.__mathlib_dbl_underflow)
    __scatterload_copy                       0x080086b1   Thumb Code    14  handlers.o(i.__scatterload_copy)
    __scatterload_null                       0x080086bf   Thumb Code     2  handlers.o(i.__scatterload_null)
    __scatterload_zeroinit                   0x080086c1   Thumb Code    14  handlers.o(i.__scatterload_zeroinit)
    __set_errno                              0x080086d1   Thumb Code     6  errno.o(i.__set_errno)
    exp                                      0x0800899d   Thumb Code   554  exp.o(i.exp)
    asc2_1206                                0x08008c20   Data        1140  lcd.o(.constdata)
    asc2_1608                                0x08009094   Data        1520  lcd.o(.constdata)
    asc2_2412                                0x08009684   Data        3420  lcd.o(.constdata)
    F6x8                                     0x0800a3e0   Data         552  oled.o(.constdata)
    F8X16                                    0x0800a608   Data        1520  oled.o(.constdata)
    Region$$Table$$Base                      0x0800ac50   Number         0  anon$$obj.o(Region$$Table)
    Region$$Table$$Limit                     0x0800ac70   Number         0  anon$$obj.o(Region$$Table)
    SystemCoreClock                          0x20000000   Data           4  system_stm32f10x.o(.data)
    AHBPrescTable                            0x20000004   Data          16  system_stm32f10x.o(.data)
    POINT_COLOR                              0x20000014   Data           2  lcd.o(.data)
    BACK_COLOR                               0x20000016   Data           2  lcd.o(.data)
    Hzk                                      0x20000018   Data         896  oled.o(.data)
    __stdout                                 0x2000039c   Data           4  usart.o(.data)
    USART_RX_STA                             0x200003a0   Data           2  usart.o(.data)
    lcddev                                   0x200003bc   Data          14  lcd.o(.bss)
    USART_RX_BUF                             0x200003ca   Data         200  usart.o(.bss)
    __initial_sp                             0x20000898   Data           0  startup_stm32f10x_hd.o(STACK)



==============================================================================

Memory Map of the image

  Image Entry point : 0x08000131

  Load Region LR_IROM1 (Base: 0x08000000, Size: 0x0000b02c, Max: 0x00040000, ABSOLUTE, COMPRESSED[0x0000adfc])

    Execution Region ER_IROM1 (Base: 0x08000000, Size: 0x0000ac70, Max: 0x00040000, ABSOLUTE)

    Base Addr    Size         Type   Attr      Idx    E Section Name        Object

    0x08000000   0x00000130   Data   RO          324    RESET               startup_stm32f10x_hd.o
    0x08000130   0x00000000   Code   RO          401  * .ARM.Collect$$$$00000000  mc_w.l(entry.o)
    0x08000130   0x00000004   Code   RO          708    .ARM.Collect$$$$00000001  mc_w.l(entry2.o)
    0x08000134   0x00000004   Code   RO          711    .ARM.Collect$$$$00000004  mc_w.l(entry5.o)
    0x08000138   0x00000000   Code   RO          713    .ARM.Collect$$$$00000008  mc_w.l(entry7b.o)
    0x08000138   0x00000000   Code   RO          715    .ARM.Collect$$$$0000000A  mc_w.l(entry8b.o)
    0x08000138   0x00000008   Code   RO          716    .ARM.Collect$$$$0000000B  mc_w.l(entry9a.o)
    0x08000140   0x00000000   Code   RO          718    .ARM.Collect$$$$0000000D  mc_w.l(entry10a.o)
    0x08000140   0x00000000   Code   RO          720    .ARM.Collect$$$$0000000F  mc_w.l(entry11a.o)
    0x08000140   0x00000004   Code   RO          709    .ARM.Collect$$$$00002712  mc_w.l(entry2.o)
    0x08000144   0x00000620   Code   RO            1    .text               main.o
    0x08000764   0x0000001a   Code   RO          123    .text               stm32f10x_it.o
    0x0800077e   0x00000002   PAD
    0x08000780   0x000001e0   Code   RO          164    .text               system_stm32f10x.o
    0x08000960   0x00005846   Code   RO          182    .text               lcd.o
    0x080061a6   0x00000002   PAD
    0x080061a8   0x000000e8   Code   RO          213    .text               adc.o
    0x08006290   0x000001b8   Code   RO          228    .text               dht11.o
    0x08006448   0x00000618   Code   RO          243    .text               oled.o
    0x08006a60   0x000000d4   Code   RO          262    .text               delay.o
    0x08006b34   0x0000000c   Code   RO          276    .text               sys.o
    0x08006b40   0x00000140   Code   RO          288    .text               usart.o
    0x08006c80   0x00000024   Code   RO          325    .text               startup_stm32f10x_hd.o
    0x08006ca4   0x0000035c   Code   RO          329    .text               stm32f10x_gpio.o
    0x08007000   0x000003a4   Code   RO          341    .text               stm32f10x_rcc.o
    0x080073a4   0x00000408   Code   RO          355    .text               stm32f10x_usart.o
    0x080077ac   0x000000dc   Code   RO          367    .text               misc.o
    0x08007888   0x0000044e   Code   RO          379    .text               stm32f10x_adc.o
    0x08007cd6   0x000000b0   Code   RO          665    .text               mf_w.l(fadd.o)
    0x08007d86   0x00000064   Code   RO          667    .text               mf_w.l(fmul.o)
    0x08007dea   0x0000007c   Code   RO          669    .text               mf_w.l(fdiv.o)
    0x08007e66   0x0000014e   Code   RO          671    .text               mf_w.l(dadd.o)
    0x08007fb4   0x000000e4   Code   RO          673    .text               mf_w.l(dmul.o)
    0x08008098   0x000000de   Code   RO          675    .text               mf_w.l(ddiv.o)
    0x08008176   0x0000000a   Code   RO          677    .text               mf_w.l(ffltui.o)
    0x08008180   0x0000001a   Code   RO          679    .text               mf_w.l(dfltui.o)
    0x0800819a   0x00000032   Code   RO          681    .text               mf_w.l(dfixui.o)
    0x080081cc   0x00000026   Code   RO          683    .text               mf_w.l(f2d.o)
    0x080081f2   0x00000038   Code   RO          685    .text               mf_w.l(d2f.o)
    0x0800822a   0x00000002   PAD
    0x0800822c   0x00000014   Code   RO          687    .text               mf_w.l(cfrcmple.o)
    0x08008240   0x00000062   Code   RO          724    .text               mc_w.l(uldiv.o)
    0x080082a2   0x0000001e   Code   RO          726    .text               mc_w.l(llshl.o)
    0x080082c0   0x00000020   Code   RO          728    .text               mc_w.l(llushr.o)
    0x080082e0   0x00000024   Code   RO          730    .text               mc_w.l(llsshr.o)
    0x08008304   0x00000000   Code   RO          739    .text               mc_w.l(iusefp.o)
    0x08008304   0x0000006e   Code   RO          740    .text               mf_w.l(fepilogue.o)
    0x08008372   0x000000ba   Code   RO          742    .text               mf_w.l(depilogue.o)
    0x0800842c   0x0000002e   Code   RO          744    .text               mf_w.l(dscalb.o)
    0x0800845a   0x00000022   Code   RO          746    .text               mf_w.l(dflti.o)
    0x0800847c   0x0000003e   Code   RO          748    .text               mf_w.l(dfixi.o)
    0x080084ba   0x00000002   PAD
    0x080084bc   0x00000030   Code   RO          752    .text               mf_w.l(cdcmple.o)
    0x080084ec   0x00000030   Code   RO          754    .text               mf_w.l(cdrcmple.o)
    0x0800851c   0x00000024   Code   RO          756    .text               mc_w.l(init.o)
    0x08008540   0x00000056   Code   RO          766    .text               mc_w.l(__dczerorl2.o)
    0x08008596   0x00000002   PAD
    0x08008598   0x00000020   Code   RO          537    i.__0printf$5       mc_w.l(printf5.o)
    0x080085b8   0x00000028   Code   RO          703    i.__ARM_fpclassify  m_ws.l(fpclassify.o)
    0x080085e0   0x000000aa   Code   RO          705    i.__kernel_poly     m_ws.l(poly.o)
    0x0800868a   0x00000006   Code   RO          690    i.__mathlib_dbl_infnan  m_ws.l(dunder.o)
    0x08008690   0x0000000e   Code   RO          693    i.__mathlib_dbl_overflow  m_ws.l(dunder.o)
    0x0800869e   0x00000002   PAD
    0x080086a0   0x00000010   Code   RO          695    i.__mathlib_dbl_underflow  m_ws.l(dunder.o)
    0x080086b0   0x0000000e   Code   RO          760    i.__scatterload_copy  mc_w.l(handlers.o)
    0x080086be   0x00000002   Code   RO          761    i.__scatterload_null  mc_w.l(handlers.o)
    0x080086c0   0x0000000e   Code   RO          762    i.__scatterload_zeroinit  mc_w.l(handlers.o)
    0x080086ce   0x00000002   PAD
    0x080086d0   0x0000000c   Code   RO          734    i.__set_errno       mc_w.l(errno.o)
    0x080086dc   0x000002c0   Code   RO          544    i._printf_core      mc_w.l(printf5.o)
    0x0800899c   0x00000284   Code   RO          392    i.exp               m_ws.l(exp.o)
    0x08008c20   0x000017c0   Data   RO          184    .constdata          lcd.o
    0x0800a3e0   0x00000818   Data   RO          244    .constdata          oled.o
    0x0800abf8   0x00000058   Data   RO          393    .constdata          m_ws.l(exp.o)
    0x0800ac50   0x00000020   Data   RO          758    Region$$Table       anon$$obj.o


    Execution Region RW_IRAM1 (Base: 0x20000000, Size: 0x00000898, Max: 0x0000c000, ABSOLUTE, COMPRESSED[0x0000018c])

    Base Addr    Size         Type   Attr      Idx    E Section Name        Object

    0x20000000   0x00000014   Data   RW          165    .data               system_stm32f10x.o
    0x20000014   0x00000004   Data   RW          185    .data               lcd.o
    0x20000018   0x00000380   Data   RW          245    .data               oled.o
    0x20000398   0x00000004   Data   RW          263    .data               delay.o
    0x2000039c   0x00000006   Data   RW          290    .data               usart.o
    0x200003a2   0x00000014   Data   RW          342    .data               stm32f10x_rcc.o
    0x200003b6   0x00000002   PAD
    0x200003b8   0x00000004   Data   RW          735    .data               mc_w.l(errno.o)
    0x200003bc   0x0000000e   Zero   RW          183    .bss                lcd.o
    0x200003ca   0x000000c8   Zero   RW          289    .bss                usart.o
    0x20000492   0x00000006   PAD
    0x20000498   0x00000400   Zero   RW          322    STACK               startup_stm32f10x_hd.o


==============================================================================

Image component sizes


      Code (inc. data)   RO Data    RW Data    ZI Data      Debug   Object Name

       232          8          0          0          0       1079   adc.o
         0          0          0          0          0         32   core_cm3.o
       212         18          0          4          0        991   delay.o
       440         16          0          0          0       2086   dht11.o
     22598        208       6080          4         14      24839   lcd.o
      1568        224          0          0          0     242159   main.o
       220         22          0          0          0       1749   misc.o
      1560         26       2072        896          0       6751   oled.o
        36          8        304          0       1024        764   startup_stm32f10x_hd.o
      1102         26          0          0          0      10993   stm32f10x_adc.o
       860         38          0          0          0       5681   stm32f10x_gpio.o
        26          0          0          0          0       1154   stm32f10x_it.o
       932         36          0         20          0       8836   stm32f10x_rcc.o
      1032         22          0          0          0       8408   stm32f10x_usart.o
        12          0          0          0          0        425   sys.o
       480         38          0         20          0       1659   system_stm32f10x.o
       320         18          0          6        200       3058   usart.o

    ----------------------------------------------------------------------
     31634        708       8488        952       1244     320664   Object Totals
         0          0         32          0          0          0   (incl. Generated)
         4          0          0          2          6          0   (incl. Padding)

    ----------------------------------------------------------------------

      Code (inc. data)   RO Data    RW Data    ZI Data      Debug   Library Member Name

        36          6          0          0          0        204   dunder.o
       644         90         88          0          0        204   exp.o
        40          0          0          0          0         68   fpclassify.o
       170          0          0          0          0         96   poly.o
        86          0          0          0          0          0   __dczerorl2.o
         0          0          0          0          0          0   entry.o
         0          0          0          0          0          0   entry10a.o
         0          0          0          0          0          0   entry11a.o
         8          4          0          0          0          0   entry2.o
         4          0          0          0          0          0   entry5.o
         0          0          0          0          0          0   entry7b.o
         0          0          0          0          0          0   entry8b.o
         8          4          0          0          0          0   entry9a.o
        12          6          0          4          0         68   errno.o
        30          0          0          0          0          0   handlers.o
        36          8          0          0          0         68   init.o
         0          0          0          0          0          0   iusefp.o
        30          0          0          0          0         68   llshl.o
        36          0          0          0          0         68   llsshr.o
        32          0          0          0          0         68   llushr.o
       736         56          0          0          0        184   printf5.o
        98          0          0          0          0         92   uldiv.o
        48          0          0          0          0         68   cdcmple.o
        48          0          0          0          0         68   cdrcmple.o
        20          0          0          0          0         68   cfrcmple.o
        56          0          0          0          0         88   d2f.o
       334          0          0          0          0        148   dadd.o
       222          0          0          0          0        100   ddiv.o
       186          0          0          0          0        176   depilogue.o
        62          0          0          0          0         80   dfixi.o
        50          0          0          0          0         76   dfixui.o
        34          0          0          0          0         76   dflti.o
        26          0          0          0          0         76   dfltui.o
       228          0          0          0          0         96   dmul.o
        46          0          0          0          0         80   dscalb.o
        38          0          0          0          0         68   f2d.o
       176          0          0          0          0        140   fadd.o
       124          0          0          0          0         88   fdiv.o
       110          0          0          0          0        168   fepilogue.o
        10          0          0          0          0         68   ffltui.o
       100          0          0          0          0         76   fmul.o

    ----------------------------------------------------------------------
      3934        174         88          4          0       2996   Library Totals
        10          0          0          0          0          0   (incl. Padding)

    ----------------------------------------------------------------------

      Code (inc. data)   RO Data    RW Data    ZI Data      Debug   Library Name

       890         96         88          0          0        572   m_ws.l
      1116         78          0          4          0        616   mc_w.l
      1918          0          0          0          0       1808   mf_w.l

    ----------------------------------------------------------------------
      3934        174         88          4          0       2996   Library Totals

    ----------------------------------------------------------------------

==============================================================================


      Code (inc. data)   RO Data    RW Data    ZI Data      Debug   

     35568        882       8576        956       1244     321032   Grand Totals
     35568        882       8576        396       1244     321032   ELF Image Totals (compressed)
     35568        882       8576        396          0          0   ROM Totals

==============================================================================

    Total RO  Size (Code + RO Data)                44144 (  43.11kB)
    Total RW  Size (RW Data + ZI Data)              2200 (   2.15kB)
    Total ROM Size (Code + RO Data + RW Data)      44540 (  43.50kB)

==============================================================================

